#
# There is insufficient memory for the Java Runtime Environment to continue.
# Native memory allocation (malloc) failed to allocate 32744 bytes. Error detail: Chunk::new
# Possible reasons:
#   The system is out of physical RAM or swap space
#   This process is running with CompressedOops enabled, and the Java Heap may be blocking the growth of the native heap
# Possible solutions:
#   Reduce memory load on the system
#   Increase physical memory or swap space
#   Check if swap backing store is full
#   Decrease Java heap size (-Xmx/-Xms)
#   Decrease number of Java threads
#   Decrease Java thread stack sizes (-Xss)
#   Set larger code cache with -XX:ReservedCodeCacheSize=
#   JVM is running with Unscaled Compressed Oops mode in which the Java heap is
#     placed in the first 4GB address space. The Java Heap base address is the
#     maximum limit for the native heap growth. Please use -XX:HeapBaseMinAddress
#     to set the Java Heap base and to place the Java Heap above 4GB virtual address.
# This output file may be truncated or incomplete.
#
#  Out of Memory Error (arena.cpp:168), pid=16656, tid=50368
#
# JRE version: OpenJDK Runtime Environment Temurin-21.0.10+7 (21.0.10+7) (build 21.0.10+7-LTS)
# Java VM: OpenJDK 64-Bit Server VM Temurin-21.0.10+7 (21.0.10+7-LTS, mixed mode, sharing, tiered, compressed oops, compressed class ptrs, g1 gc, windows-amd64)
# No core dump will be written. Minidumps are not enabled by default on client versions of Windows
#

---------------  S U M M A R Y ------------

Command Line: --add-opens=java.base/java.lang=ALL-UNNAMED --add-opens=java.base/java.lang.invoke=ALL-UNNAMED --add-opens=java.base/java.util=ALL-UNNAMED --add-opens=java.prefs/java.util.prefs=ALL-UNNAMED --add-exports=jdk.compiler/com.sun.tools.javac.api=ALL-UNNAMED --add-exports=jdk.compiler/com.sun.tools.javac.util=ALL-UNNAMED --add-opens=java.base/java.util=ALL-UNNAMED --add-opens=java.prefs/java.util.prefs=ALL-UNNAMED --add-opens=java.base/java.nio.charset=ALL-UNNAMED --add-opens=java.base/java.net=ALL-UNNAMED --add-opens=java.base/java.util.concurrent.atomic=ALL-UNNAMED --add-opens=java.xml/javax.xml.namespace=ALL-UNNAMED -XX:MaxMetaspaceSize=512m -Xmx2048m -Dfile.encoding=UTF-8 -Duser.country=US -Duser.language=en -Duser.variant -javaagent:C:\Users\Win 10\.gradle\wrapper\dists\gradle-8.14.3-bin\cv11ve7ro1n3o1j4so8xd9n66\gradle-8.14.3\lib\agents\gradle-instrumentation-agent-8.14.3.jar org.gradle.launcher.daemon.bootstrap.GradleDaemon 8.14.3

Host: Intel(R) Core(TM) i3-7020U CPU @ 2.30GHz, 4 cores, 11G,  Windows 10 , 64 bit Build 19041 (10.0.19041.4957)
Time: Mon May 25 21:41:48 2026 SE Asia Standard Time elapsed time: 67.467197 seconds (0d 0h 1m 7s)

---------------  T H R E A D  ---------------

Current thread (0x000002514f1ace90):  JavaThread "C2 CompilerThread0" daemon [_thread_in_native, id=50368, stack(0x000000889b800000,0x000000889b900000) (1024K)]


Current CompileTask:
C2:67467 14630   !   4       com.google.common.reflect.TypeVisitor::visit (225 bytes)

Stack: [0x000000889b800000,0x000000889b900000]
Native frames: (J=compiled Java code, j=interpreted, Vv=VM code, C=native code)
V  [jvm.dll+0x6d7a39]
V  [jvm.dll+0x8b4b26]
V  [jvm.dll+0x8b70de]
V  [jvm.dll+0x8b77c3]
V  [jvm.dll+0x284346]
V  [jvm.dll+0xc66ed]
V  [jvm.dll+0xc6c31]
V  [jvm.dll+0x6b3ce7]
V  [jvm.dll+0x8de74]
V  [jvm.dll+0x6b119e]
V  [jvm.dll+0x39fc2f]
V  [jvm.dll+0x1371ee]
V  [jvm.dll+0x139ed2]
V  [jvm.dll+0x39abd4]
V  [jvm.dll+0x6f561e]
V  [jvm.dll+0x6f4907]
V  [jvm.dll+0x6efcdb]
V  [jvm.dll+0x6e9fa9]
V  [jvm.dll+0x6e96a9]
V  [jvm.dll+0x6e774e]
V  [jvm.dll+0x1ce39c]
V  [jvm.dll+0x1cef3e]
V  [jvm.dll+0x2fa4cc]
V  [jvm.dll+0x6f1ef8]
V  [jvm.dll+0x6e9fa9]
V  [jvm.dll+0x6e96a9]
V  [jvm.dll+0x6e774e]
V  [jvm.dll+0x1ce39c]
V  [jvm.dll+0x1cef3e]
V  [jvm.dll+0x2fa4cc]
V  [jvm.dll+0x6f1ef8]
V  [jvm.dll+0x6e9fa9]
V  [jvm.dll+0x6e96a9]
V  [jvm.dll+0x6e774e]
V  [jvm.dll+0x1ce39c]
V  [jvm.dll+0x1cef3e]
V  [jvm.dll+0x1cef3e]
V  [jvm.dll+0x2fa4cc]
V  [jvm.dll+0x6f1ef8]
V  [jvm.dll+0x6e9fa9]
V  [jvm.dll+0x6e96a9]
V  [jvm.dll+0x6e774e]
V  [jvm.dll+0x1ce39c]
V  [jvm.dll+0x24b6e9]
V  [jvm.dll+0x1cb34e]
V  [jvm.dll+0x25b85d]
V  [jvm.dll+0x259dea]
V  [jvm.dll+0x3f857e]
V  [jvm.dll+0x85f59d]
V  [jvm.dll+0x6d626d]
C  [ucrtbase.dll+0x21bb2]
C  [KERNEL32.DLL+0x17374]
C  [ntdll.dll+0x4cc91]


---------------  P R O C E S S  ---------------

Threads class SMR info:
_java_thread_list=0x000002517e2be920, length=54, elements={
0x0000025138292a40, 0x000002514f1a4660, 0x000002514f1a5730, 0x000002514f1a7cc0,
0x000002514f1aa830, 0x000002514f1ab6a0, 0x000002514f1ac100, 0x000002514f1ace90,
0x000002514f2206c0, 0x000002514f420350, 0x000002514f49a2d0, 0x00000251705047b0,
0x000002516ff1e4a0, 0x000002514f2ec5e0, 0x000002517055e3e0, 0x000002514f2c9e10,
0x000002514f21ad80, 0x000002514f21d4e0, 0x000002514f21ce50, 0x000002514f21a6f0,
0x000002514f21a060, 0x000002514f21b410, 0x000002514f21c130, 0x000002514f21baa0,
0x000002517273d950, 0x0000025172740dd0, 0x000002517273ed00, 0x000002517273e670,
0x000002517273fa20, 0x0000025172740740, 0x000002516faf6030, 0x000002516fafb580,
0x000002516faf7a70, 0x000002516faf8790, 0x000002516faf59a0, 0x000002516fafc930,
0x000002516fafcfc0, 0x000002517d041430, 0x000002517d040710, 0x000002517d03b850,
0x000002517d03d290, 0x000002517d03bee0, 0x000002517d03f360, 0x000002517d03e640,
0x000002517c12e5c0, 0x000002517c1320d0, 0x000002517c130690, 0x000002517c133480,
0x000002517c131a40, 0x000002517c12f2e0, 0x000002517c12f970, 0x000002517c133b10,
0x000002517c134ec0, 0x0000025170036b70
}

Java Threads: ( => current thread )
  0x0000025138292a40 JavaThread "main"                              [_thread_blocked, id=26236, stack(0x000000889aa00000,0x000000889ab00000) (1024K)]
  0x000002514f1a4660 JavaThread "Reference Handler"          daemon [_thread_blocked, id=35932, stack(0x000000889b200000,0x000000889b300000) (1024K)]
  0x000002514f1a5730 JavaThread "Finalizer"                  daemon [_thread_blocked, id=32060, stack(0x000000889b300000,0x000000889b400000) (1024K)]
  0x000002514f1a7cc0 JavaThread "Signal Dispatcher"          daemon [_thread_blocked, id=10624, stack(0x000000889b400000,0x000000889b500000) (1024K)]
  0x000002514f1aa830 JavaThread "Attach Listener"            daemon [_thread_blocked, id=2700, stack(0x000000889b500000,0x000000889b600000) (1024K)]
  0x000002514f1ab6a0 JavaThread "Service Thread"             daemon [_thread_blocked, id=27820, stack(0x000000889b600000,0x000000889b700000) (1024K)]
  0x000002514f1ac100 JavaThread "Monitor Deflation Thread"   daemon [_thread_blocked, id=21900, stack(0x000000889b700000,0x000000889b800000) (1024K)]
=>0x000002514f1ace90 JavaThread "C2 CompilerThread0"         daemon [_thread_in_native, id=50368, stack(0x000000889b800000,0x000000889b900000) (1024K)]
  0x000002514f2206c0 JavaThread "C1 CompilerThread0"         daemon [_thread_blocked, id=12424, stack(0x000000889b900000,0x000000889ba00000) (1024K)]
  0x000002514f420350 JavaThread "Common-Cleaner"             daemon [_thread_blocked, id=25532, stack(0x000000889ba00000,0x000000889bb00000) (1024K)]
  0x000002514f49a2d0 JavaThread "Notification Thread"        daemon [_thread_blocked, id=25008, stack(0x000000889bb00000,0x000000889bc00000) (1024K)]
  0x00000251705047b0 JavaThread "Daemon health stats"               [_thread_blocked, id=46532, stack(0x000000889c000000,0x000000889c100000) (1024K)]
  0x000002516ff1e4a0 JavaThread "Incoming local TCP Connector on port 56492"        [_thread_in_native, id=46588, stack(0x000000889c100000,0x000000889c200000) (1024K)]
  0x000002514f2ec5e0 JavaThread "Daemon periodic checks"            [_thread_blocked, id=45428, stack(0x000000889c200000,0x000000889c300000) (1024K)]
  0x000002517055e3e0 JavaThread "Daemon"                            [_thread_blocked, id=29284, stack(0x000000889c300000,0x000000889c400000) (1024K)]
  0x000002514f2c9e10 JavaThread "Handler for socket connection from /127.0.0.1:56492 to /127.0.0.1:56493"        [_thread_in_native, id=9940, stack(0x000000889c400000,0x000000889c500000) (1024K)]
  0x000002514f21ad80 JavaThread "Cancel handler"                    [_thread_blocked, id=10092, stack(0x000000889c500000,0x000000889c600000) (1024K)]
  0x000002514f21d4e0 JavaThread "Daemon worker"                     [_thread_in_vm, id=51688, stack(0x000000889c600000,0x000000889c700000) (1024K)]
  0x000002514f21ce50 JavaThread "Asynchronous log dispatcher for DefaultDaemonConnection: socket connection from /127.0.0.1:56492 to /127.0.0.1:56493"        [_thread_blocked, id=32468, stack(0x000000889c700000,0x000000889c800000) (1024K)]
  0x000002514f21a6f0 JavaThread "Stdin handler"                     [_thread_blocked, id=45768, stack(0x000000889c800000,0x000000889c900000) (1024K)]
  0x000002514f21a060 JavaThread "Daemon client event forwarder"        [_thread_blocked, id=51148, stack(0x000000889c900000,0x000000889ca00000) (1024K)]
  0x000002514f21b410 JavaThread "Cache worker for journal cache (C:\Users\Win 10\.gradle\caches\journal-1)"        [_thread_blocked, id=32024, stack(0x000000889bf00000,0x000000889c000000) (1024K)]
  0x000002514f21c130 JavaThread "File lock request listener"        [_thread_in_native, id=28252, stack(0x000000889ca00000,0x000000889cb00000) (1024K)]
  0x000002514f21baa0 JavaThread "Cache worker for file hash cache (C:\Users\Win 10\.gradle\caches\8.14.3\fileHashes)"        [_thread_blocked, id=35552, stack(0x000000889cb00000,0x000000889cc00000) (1024K)]
  0x000002517273d950 JavaThread "Cache worker for file hash cache (E:\COLLEGE\HK252\LAP TRINH MOBILE\BTL\Funfanti\android\.gradle\8.14.3\fileHashes)"        [_thread_blocked, id=32608, stack(0x000000889cd00000,0x000000889ce00000) (1024K)]
  0x0000025172740dd0 JavaThread "Cache worker for Build Output Cleanup Cache (E:\COLLEGE\HK252\LAP TRINH MOBILE\BTL\Funfanti\android\.gradle\buildOutputCleanup)"        [_thread_blocked, id=39912, stack(0x000000889ce00000,0x000000889cf00000) (1024K)]
  0x000002517273ed00 JavaThread "File watcher server"        daemon [_thread_in_native, id=36476, stack(0x000000889cf00000,0x000000889d000000) (1024K)]
  0x000002517273e670 JavaThread "File watcher consumer"      daemon [_thread_blocked, id=5032, stack(0x000000889d000000,0x000000889d100000) (1024K)]
  0x000002517273fa20 JavaThread "jar transforms"                    [_thread_blocked, id=5328, stack(0x000000889d100000,0x000000889d200000) (1024K)]
  0x0000025172740740 JavaThread "Cache worker for checksums cache (E:\COLLEGE\HK252\LAP TRINH MOBILE\BTL\Funfanti\android\.gradle\8.14.3\checksums)"        [_thread_blocked, id=48076, stack(0x000000889d200000,0x000000889d300000) (1024K)]
  0x000002516faf6030 JavaThread "Cache worker for file content cache (C:\Users\Win 10\.gradle\caches\8.14.3\fileContent)"        [_thread_blocked, id=41576, stack(0x000000889d300000,0x000000889d400000) (1024K)]
  0x000002516fafb580 JavaThread "Exec process"                      [_thread_blocked, id=41856, stack(0x000000889cc00000,0x000000889cd00000) (1024K)]
  0x000002516faf7a70 JavaThread "Exec process Thread 2"             [_thread_blocked, id=53344, stack(0x000000889d400000,0x000000889d500000) (1024K)]
  0x000002516faf8790 JavaThread "Exec process Thread 3"             [_thread_blocked, id=40584, stack(0x000000889d500000,0x000000889d600000) (1024K)]
  0x000002516faf59a0 JavaThread "Cache worker for cache directory md-supplier (C:\Users\Win 10\.gradle\caches\8.14.3\md-supplier)"        [_thread_blocked, id=53084, stack(0x000000889d700000,0x000000889d800000) (1024K)]
  0x000002516fafc930 JavaThread "Cache worker for cache directory md-rule (C:\Users\Win 10\.gradle\caches\8.14.3\md-rule)"        [_thread_blocked, id=19208, stack(0x000000889d800000,0x000000889d900000) (1024K)]
  0x000002516fafcfc0 JavaThread "Cache worker for Build Output Cleanup Cache (E:\COLLEGE\HK252\LAP TRINH MOBILE\BTL\Funfanti\node_modules\@react-native\gradle-plugin\.gradle\buildOutputCleanup)"        [_thread_blocked, id=46900, stack(0x000000889d900000,0x000000889da00000) (1024K)]
  0x000002517d041430 JavaThread "Unconstrained build operations"        [_thread_blocked, id=11172, stack(0x000000889d600000,0x000000889d700000) (1024K)]
  0x000002517d040710 JavaThread "Unconstrained build operations Thread 2"        [_thread_blocked, id=51892, stack(0x000000889da00000,0x000000889db00000) (1024K)]
  0x000002517d03b850 JavaThread "Unconstrained build operations Thread 3"        [_thread_blocked, id=22848, stack(0x000000889db00000,0x000000889dc00000) (1024K)]
  0x000002517d03d290 JavaThread "Unconstrained build operations Thread 4"        [_thread_blocked, id=19640, stack(0x000000889dc00000,0x000000889dd00000) (1024K)]
  0x000002517d03bee0 JavaThread "Unconstrained build operations Thread 5"        [_thread_blocked, id=50436, stack(0x000000889dd00000,0x000000889de00000) (1024K)]
  0x000002517d03f360 JavaThread "Unconstrained build operations Thread 6"        [_thread_blocked, id=44736, stack(0x000000889de00000,0x000000889df00000) (1024K)]
  0x000002517d03e640 JavaThread "Cache worker for Build Output Cleanup Cache (E:\COLLEGE\HK252\LAP TRINH MOBILE\BTL\Funfanti\node_modules\expo-modules-autolinking\android\expo-gradle-plugin\.gradle\buildOutputCleanup)"        [_thread_blocked, id=5360, stack(0x000000889df00000,0x000000889e000000) (1024K)]
  0x000002517c12e5c0 JavaThread "Unconstrained build operations Thread 7"        [_thread_blocked, id=35808, stack(0x000000889e000000,0x000000889e100000) (1024K)]
  0x000002517c1320d0 JavaThread "Unconstrained build operations Thread 8"        [_thread_blocked, id=50224, stack(0x000000889e100000,0x000000889e200000) (1024K)]
  0x000002517c130690 JavaThread "Unconstrained build operations Thread 9"        [_thread_blocked, id=22952, stack(0x000000889e200000,0x000000889e300000) (1024K)]
  0x000002517c133480 JavaThread "Unconstrained build operations Thread 10"        [_thread_blocked, id=16968, stack(0x000000889e300000,0x000000889e400000) (1024K)]
  0x000002517c131a40 JavaThread "Unconstrained build operations Thread 11"        [_thread_blocked, id=9708, stack(0x000000889e400000,0x000000889e500000) (1024K)]
  0x000002517c12f2e0 JavaThread "Unconstrained build operations Thread 12"        [_thread_blocked, id=11552, stack(0x000000889e500000,0x000000889e600000) (1024K)]
  0x000002517c12f970 JavaThread "Unconstrained build operations Thread 13"        [_thread_blocked, id=25152, stack(0x000000889e600000,0x000000889e700000) (1024K)]
  0x000002517c133b10 JavaThread "Unconstrained build operations Thread 14"        [_thread_blocked, id=42628, stack(0x000000889e700000,0x000000889e800000) (1024K)]
  0x000002517c134ec0 JavaThread "Unconstrained build operations Thread 15"        [_thread_blocked, id=15412, stack(0x000000889e800000,0x000000889e900000) (1024K)]
  0x0000025170036b70 JavaThread "build event listener"              [_thread_blocked, id=20100, stack(0x000000889a800000,0x000000889a900000) (1024K)]
Total: 54

Other Threads:
  0x000002514f18b790 VMThread "VM Thread"                           [id=32188, stack(0x000000889b100000,0x000000889b200000) (1024K)]
  0x000002514f179270 WatcherThread "VM Periodic Task Thread"        [id=22568, stack(0x000000889b000000,0x000000889b100000) (1024K)]
  0x00000251382e9660 WorkerThread "GC Thread#0"                     [id=40732, stack(0x000000889ab00000,0x000000889ac00000) (1024K)]
  0x000002514f4bb4e0 WorkerThread "GC Thread#1"                     [id=39832, stack(0x000000889bc00000,0x000000889bd00000) (1024K)]
  0x000002514f4bb890 WorkerThread "GC Thread#2"                     [id=43436, stack(0x000000889bd00000,0x000000889be00000) (1024K)]
  0x000002514f4bbc40 WorkerThread "GC Thread#3"                     [id=8964, stack(0x000000889be00000,0x000000889bf00000) (1024K)]
  0x00000251382fb260 ConcurrentGCThread "G1 Main Marker"            [id=5096, stack(0x000000889ac00000,0x000000889ad00000) (1024K)]
  0x00000251382fbf20 WorkerThread "G1 Conc#0"                       [id=37616, stack(0x000000889ad00000,0x000000889ae00000) (1024K)]
  0x000002514f0491b0 ConcurrentGCThread "G1 Refine#0"               [id=36436, stack(0x000000889ae00000,0x000000889af00000) (1024K)]
  0x000002514f049b40 ConcurrentGCThread "G1 Service"                [id=40564, stack(0x000000889af00000,0x000000889b000000) (1024K)]
Total: 10

Threads with active compile tasks:
C2 CompilerThread0  67595 14630   !   4       com.google.common.reflect.TypeVisitor::visit (225 bytes)
Total: 1

VM state: not at safepoint (normal execution)

VM Mutex/Monitor currently owned by a thread: None

Heap address: 0x0000000080000000, size: 2048 MB, Compressed Oops mode: 32-bit

CDS archive(s) mapped at: [0x0000025150000000-0x0000025150ba0000-0x0000025150ba0000), size 12189696, SharedBaseAddress: 0x0000025150000000, ArchiveRelocationMode: 1.
Compressed class space mapped at: 0x0000025151000000-0x000002516b000000, reserved size: 436207616
Narrow klass base: 0x0000025150000000, Narrow klass shift: 0, Narrow klass range: 0x100000000

GC Precious Log:
 CardTable entry size: 512
 Card Set container configuration: InlinePtr #cards 5 size 8 Array Of Cards #cards 12 size 40 Howl #buckets 4 coarsen threshold 1843 Howl Bitmap #cards 512 size 80 coarsen threshold 460 Card regions per heap region 1 cards per card region 2048
 CPUs: 4 total, 4 available
 Memory: 12163M
 Large Page Support: Disabled
 NUMA Support: Disabled
 Compressed Oops: Enabled (32-bit)
 Heap Region Size: 1M
 Heap Min Capacity: 8M
 Heap Initial Capacity: 192M
 Heap Max Capacity: 2G
 Pre-touch: Disabled
 Parallel Workers: 4
 Concurrent Workers: 1
 Concurrent Refinement Workers: 4
 Periodic GC: Disabled

Heap:
 garbage-first heap   total 181248K, used 150670K [0x0000000080000000, 0x0000000100000000)
  region size 1024K, 41 young (41984K), 7 survivors (7168K)
 Metaspace       used 126431K, committed 128960K, reserved 557056K
  class space    used 16556K, committed 17792K, reserved 425984K

Heap Regions: E=young(eden), S=young(survivor), O=old, HS=humongous(starts), HC=humongous(continues), CS=collection set, F=free, TAMS=top-at-mark-start, PB=parsable bottom
|   0|0x0000000080000000, 0x0000000080100000, 0x0000000080100000|100%|HS|  |TAMS 0x0000000080000000| PB 0x0000000080000000| Complete 
|   1|0x0000000080100000, 0x0000000080200000, 0x0000000080200000|100%|HC|  |TAMS 0x0000000080100000| PB 0x0000000080100000| Complete 
|   2|0x0000000080200000, 0x0000000080300000, 0x0000000080300000|100%|HC|  |TAMS 0x0000000080200000| PB 0x0000000080200000| Complete 
|   3|0x0000000080300000, 0x0000000080400000, 0x0000000080400000|100%| O|  |TAMS 0x0000000080300000| PB 0x0000000080300000| Untracked 
|   4|0x0000000080400000, 0x0000000080500000, 0x0000000080500000|100%| O|  |TAMS 0x0000000080400000| PB 0x0000000080400000| Untracked 
|   5|0x0000000080500000, 0x0000000080600000, 0x0000000080600000|100%| O|  |TAMS 0x0000000080500000| PB 0x0000000080500000| Untracked 
|   6|0x0000000080600000, 0x0000000080700000, 0x0000000080700000|100%| O|  |TAMS 0x0000000080600000| PB 0x0000000080600000| Untracked 
|   7|0x0000000080700000, 0x0000000080800000, 0x0000000080800000|100%|HS|  |TAMS 0x0000000080700000| PB 0x0000000080700000| Complete 
|   8|0x0000000080800000, 0x0000000080900000, 0x0000000080900000|100%| O|  |TAMS 0x0000000080800000| PB 0x0000000080800000| Untracked 
|   9|0x0000000080900000, 0x0000000080a00000, 0x0000000080a00000|100%| O|  |TAMS 0x0000000080900000| PB 0x0000000080900000| Untracked 
|  10|0x0000000080a00000, 0x0000000080b00000, 0x0000000080b00000|100%| O|  |TAMS 0x0000000080a00000| PB 0x0000000080a00000| Untracked 
|  11|0x0000000080b00000, 0x0000000080c00000, 0x0000000080c00000|100%| O|  |TAMS 0x0000000080b00000| PB 0x0000000080b00000| Untracked 
|  12|0x0000000080c00000, 0x0000000080d00000, 0x0000000080d00000|100%| O|  |TAMS 0x0000000080c00000| PB 0x0000000080c00000| Untracked 
|  13|0x0000000080d00000, 0x0000000080e00000, 0x0000000080e00000|100%| O|  |TAMS 0x0000000080d00000| PB 0x0000000080d00000| Untracked 
|  14|0x0000000080e00000, 0x0000000080f00000, 0x0000000080f00000|100%| O|  |TAMS 0x0000000080e00000| PB 0x0000000080e00000| Untracked 
|  15|0x0000000080f00000, 0x0000000081000000, 0x0000000081000000|100%| O|  |TAMS 0x0000000080f00000| PB 0x0000000080f00000| Untracked 
|  16|0x0000000081000000, 0x0000000081100000, 0x0000000081100000|100%| O|  |TAMS 0x0000000081000000| PB 0x0000000081000000| Untracked 
|  17|0x0000000081100000, 0x0000000081200000, 0x0000000081200000|100%| O|  |TAMS 0x0000000081100000| PB 0x0000000081100000| Untracked 
|  18|0x0000000081200000, 0x0000000081300000, 0x0000000081300000|100%| O|  |TAMS 0x0000000081200000| PB 0x0000000081200000| Untracked 
|  19|0x0000000081300000, 0x0000000081400000, 0x0000000081400000|100%| O|  |TAMS 0x0000000081300000| PB 0x0000000081300000| Untracked 
|  20|0x0000000081400000, 0x0000000081500000, 0x0000000081500000|100%| O|  |TAMS 0x0000000081400000| PB 0x0000000081400000| Untracked 
|  21|0x0000000081500000, 0x0000000081600000, 0x0000000081600000|100%| O|  |TAMS 0x0000000081500000| PB 0x0000000081500000| Untracked 
|  22|0x0000000081600000, 0x0000000081700000, 0x0000000081700000|100%| O|  |TAMS 0x0000000081600000| PB 0x0000000081600000| Untracked 
|  23|0x0000000081700000, 0x0000000081800000, 0x0000000081800000|100%| O|  |TAMS 0x0000000081700000| PB 0x0000000081700000| Untracked 
|  24|0x0000000081800000, 0x0000000081900000, 0x0000000081900000|100%| O|  |TAMS 0x0000000081800000| PB 0x0000000081800000| Untracked 
|  25|0x0000000081900000, 0x0000000081a00000, 0x0000000081a00000|100%| O|  |TAMS 0x0000000081900000| PB 0x0000000081900000| Untracked 
|  26|0x0000000081a00000, 0x0000000081b00000, 0x0000000081b00000|100%| O|  |TAMS 0x0000000081a00000| PB 0x0000000081a00000| Untracked 
|  27|0x0000000081b00000, 0x0000000081c00000, 0x0000000081c00000|100%| O|  |TAMS 0x0000000081b00000| PB 0x0000000081b00000| Untracked 
|  28|0x0000000081c00000, 0x0000000081d00000, 0x0000000081d00000|100%| O|  |TAMS 0x0000000081c00000| PB 0x0000000081c00000| Untracked 
|  29|0x0000000081d00000, 0x0000000081e00000, 0x0000000081e00000|100%| O|  |TAMS 0x0000000081d00000| PB 0x0000000081d00000| Untracked 
|  30|0x0000000081e00000, 0x0000000081f00000, 0x0000000081f00000|100%| O|  |TAMS 0x0000000081e00000| PB 0x0000000081e00000| Untracked 
|  31|0x0000000081f00000, 0x0000000082000000, 0x0000000082000000|100%| O|  |TAMS 0x0000000081f00000| PB 0x0000000081f00000| Untracked 
|  32|0x0000000082000000, 0x0000000082100000, 0x0000000082100000|100%| O|  |TAMS 0x0000000082000000| PB 0x0000000082000000| Untracked 
|  33|0x0000000082100000, 0x0000000082200000, 0x0000000082200000|100%| O|  |TAMS 0x0000000082100000| PB 0x0000000082100000| Untracked 
|  34|0x0000000082200000, 0x0000000082300000, 0x0000000082300000|100%| O|  |TAMS 0x0000000082200000| PB 0x0000000082200000| Untracked 
|  35|0x0000000082300000, 0x0000000082400000, 0x0000000082400000|100%| O|  |TAMS 0x0000000082300000| PB 0x0000000082300000| Untracked 
|  36|0x0000000082400000, 0x0000000082500000, 0x0000000082500000|100%| O|  |TAMS 0x0000000082400000| PB 0x0000000082400000| Untracked 
|  37|0x0000000082500000, 0x0000000082600000, 0x0000000082600000|100%| O|  |TAMS 0x0000000082500000| PB 0x0000000082500000| Untracked 
|  38|0x0000000082600000, 0x0000000082700000, 0x0000000082700000|100%| O|  |TAMS 0x0000000082600000| PB 0x0000000082600000| Untracked 
|  39|0x0000000082700000, 0x0000000082800000, 0x0000000082800000|100%| O|  |TAMS 0x0000000082700000| PB 0x0000000082700000| Untracked 
|  40|0x0000000082800000, 0x0000000082900000, 0x0000000082900000|100%| O|  |TAMS 0x0000000082800000| PB 0x0000000082800000| Untracked 
|  41|0x0000000082900000, 0x0000000082a00000, 0x0000000082a00000|100%| O|  |TAMS 0x0000000082900000| PB 0x0000000082900000| Untracked 
|  42|0x0000000082a00000, 0x0000000082b00000, 0x0000000082b00000|100%| O|  |TAMS 0x0000000082a00000| PB 0x0000000082a00000| Untracked 
|  43|0x0000000082b00000, 0x0000000082c00000, 0x0000000082c00000|100%| O|  |TAMS 0x0000000082b00000| PB 0x0000000082b00000| Untracked 
|  44|0x0000000082c00000, 0x0000000082d00000, 0x0000000082d00000|100%| O|  |TAMS 0x0000000082c00000| PB 0x0000000082c00000| Untracked 
|  45|0x0000000082d00000, 0x0000000082e00000, 0x0000000082e00000|100%| O|  |TAMS 0x0000000082d00000| PB 0x0000000082d00000| Untracked 
|  46|0x0000000082e00000, 0x0000000082f00000, 0x0000000082f00000|100%|HS|  |TAMS 0x0000000082e00000| PB 0x0000000082e00000| Complete 
|  47|0x0000000082f00000, 0x0000000083000000, 0x0000000083000000|100%| O|  |TAMS 0x0000000082f00000| PB 0x0000000082f00000| Untracked 
|  48|0x0000000083000000, 0x0000000083100000, 0x0000000083100000|100%| O|  |TAMS 0x0000000083000000| PB 0x0000000083000000| Untracked 
|  49|0x0000000083100000, 0x0000000083200000, 0x0000000083200000|100%|HS|  |TAMS 0x0000000083100000| PB 0x0000000083100000| Complete 
|  50|0x0000000083200000, 0x0000000083300000, 0x0000000083300000|100%|HC|  |TAMS 0x0000000083200000| PB 0x0000000083200000| Complete 
|  51|0x0000000083300000, 0x0000000083400000, 0x0000000083400000|100%|HC|  |TAMS 0x0000000083300000| PB 0x0000000083300000| Complete 
|  52|0x0000000083400000, 0x0000000083500000, 0x0000000083500000|100%|HC|  |TAMS 0x0000000083400000| PB 0x0000000083400000| Complete 
|  53|0x0000000083500000, 0x0000000083600000, 0x0000000083600000|100%|HC|  |TAMS 0x0000000083500000| PB 0x0000000083500000| Complete 
|  54|0x0000000083600000, 0x0000000083700000, 0x0000000083700000|100%|HC|  |TAMS 0x0000000083600000| PB 0x0000000083600000| Complete 
|  55|0x0000000083700000, 0x0000000083800000, 0x0000000083800000|100%| O|  |TAMS 0x0000000083700000| PB 0x0000000083700000| Untracked 
|  56|0x0000000083800000, 0x0000000083900000, 0x0000000083900000|100%| O|  |TAMS 0x0000000083800000| PB 0x0000000083800000| Untracked 
|  57|0x0000000083900000, 0x0000000083a00000, 0x0000000083a00000|100%| O|  |TAMS 0x0000000083900000| PB 0x0000000083900000| Untracked 
|  58|0x0000000083a00000, 0x0000000083b00000, 0x0000000083b00000|100%| O|  |TAMS 0x0000000083a00000| PB 0x0000000083a00000| Untracked 
|  59|0x0000000083b00000, 0x0000000083c00000, 0x0000000083c00000|100%| O|  |TAMS 0x0000000083b00000| PB 0x0000000083b00000| Untracked 
|  60|0x0000000083c00000, 0x0000000083d00000, 0x0000000083d00000|100%| O|  |TAMS 0x0000000083c00000| PB 0x0000000083c00000| Untracked 
|  61|0x0000000083d00000, 0x0000000083e00000, 0x0000000083e00000|100%| O|  |TAMS 0x0000000083d00000| PB 0x0000000083d00000| Untracked 
|  62|0x0000000083e00000, 0x0000000083f00000, 0x0000000083f00000|100%| O|  |TAMS 0x0000000083e00000| PB 0x0000000083e00000| Untracked 
|  63|0x0000000083f00000, 0x0000000084000000, 0x0000000084000000|100%| O|  |TAMS 0x0000000083f00000| PB 0x0000000083f00000| Untracked 
|  64|0x0000000084000000, 0x0000000084100000, 0x0000000084100000|100%| O|  |TAMS 0x0000000084000000| PB 0x0000000084000000| Untracked 
|  65|0x0000000084100000, 0x0000000084200000, 0x0000000084200000|100%| O|Cm|TAMS 0x0000000084100000| PB 0x0000000084100000| Complete 
|  66|0x0000000084200000, 0x0000000084300000, 0x0000000084300000|100%| O|  |TAMS 0x0000000084200000| PB 0x0000000084200000| Untracked 
|  67|0x0000000084300000, 0x0000000084400000, 0x0000000084400000|100%| O|  |TAMS 0x0000000084300000| PB 0x0000000084300000| Untracked 
|  68|0x0000000084400000, 0x0000000084500000, 0x0000000084500000|100%| O|  |TAMS 0x0000000084400000| PB 0x0000000084400000| Untracked 
|  69|0x0000000084500000, 0x0000000084600000, 0x0000000084600000|100%| O|  |TAMS 0x0000000084500000| PB 0x0000000084500000| Untracked 
|  70|0x0000000084600000, 0x0000000084700000, 0x0000000084700000|100%| O|  |TAMS 0x0000000084600000| PB 0x0000000084600000| Untracked 
|  71|0x0000000084700000, 0x0000000084800000, 0x0000000084800000|100%| O|  |TAMS 0x0000000084700000| PB 0x0000000084700000| Untracked 
|  72|0x0000000084800000, 0x0000000084900000, 0x0000000084900000|100%| O|  |TAMS 0x0000000084800000| PB 0x0000000084800000| Untracked 
|  73|0x0000000084900000, 0x0000000084a00000, 0x0000000084a00000|100%| O|  |TAMS 0x0000000084900000| PB 0x0000000084900000| Untracked 
|  74|0x0000000084a00000, 0x0000000084b00000, 0x0000000084b00000|100%| O|  |TAMS 0x0000000084a00000| PB 0x0000000084a00000| Untracked 
|  75|0x0000000084b00000, 0x0000000084c00000, 0x0000000084c00000|100%| O|Cm|TAMS 0x0000000084b00000| PB 0x0000000084b00000| Complete 
|  76|0x0000000084c00000, 0x0000000084d00000, 0x0000000084d00000|100%| O|  |TAMS 0x0000000084c00000| PB 0x0000000084c00000| Untracked 
|  77|0x0000000084d00000, 0x0000000084e00000, 0x0000000084e00000|100%| O|  |TAMS 0x0000000084d00000| PB 0x0000000084d00000| Untracked 
|  78|0x0000000084e00000, 0x0000000084f00000, 0x0000000084f00000|100%| O|  |TAMS 0x0000000084e00000| PB 0x0000000084e00000| Untracked 
|  79|0x0000000084f00000, 0x0000000085000000, 0x0000000085000000|100%| O|  |TAMS 0x0000000084f00000| PB 0x0000000084f00000| Untracked 
|  80|0x0000000085000000, 0x0000000085100000, 0x0000000085100000|100%| O|  |TAMS 0x0000000085000000| PB 0x0000000085000000| Untracked 
|  81|0x0000000085100000, 0x0000000085200000, 0x0000000085200000|100%| O|  |TAMS 0x0000000085100000| PB 0x0000000085100000| Untracked 
|  82|0x0000000085200000, 0x0000000085300000, 0x0000000085300000|100%| O|  |TAMS 0x0000000085200000| PB 0x0000000085200000| Untracked 
|  83|0x0000000085300000, 0x0000000085400000, 0x0000000085400000|100%| O|  |TAMS 0x0000000085300000| PB 0x0000000085300000| Untracked 
|  84|0x0000000085400000, 0x0000000085500000, 0x0000000085500000|100%| O|  |TAMS 0x0000000085400000| PB 0x0000000085400000| Untracked 
|  85|0x0000000085500000, 0x0000000085600000, 0x0000000085600000|100%| O|  |TAMS 0x0000000085500000| PB 0x0000000085500000| Untracked 
|  86|0x0000000085600000, 0x0000000085700000, 0x0000000085700000|100%| O|  |TAMS 0x0000000085600000| PB 0x0000000085600000| Untracked 
|  87|0x0000000085700000, 0x0000000085800000, 0x0000000085800000|100%| O|  |TAMS 0x0000000085700000| PB 0x0000000085700000| Untracked 
|  88|0x0000000085800000, 0x0000000085900000, 0x0000000085900000|100%| O|  |TAMS 0x0000000085800000| PB 0x0000000085800000| Untracked 
|  89|0x0000000085900000, 0x0000000085a00000, 0x0000000085a00000|100%| O|  |TAMS 0x0000000085900000| PB 0x0000000085900000| Untracked 
|  90|0x0000000085a00000, 0x0000000085b00000, 0x0000000085b00000|100%| O|  |TAMS 0x0000000085a00000| PB 0x0000000085a00000| Untracked 
|  91|0x0000000085b00000, 0x0000000085b23aa0, 0x0000000085c00000| 13%| O|  |TAMS 0x0000000085b00000| PB 0x0000000085b00000| Untracked 
|  92|0x0000000085c00000, 0x0000000085d00000, 0x0000000085d00000|100%| O|  |TAMS 0x0000000085c00000| PB 0x0000000085c00000| Untracked 
|  93|0x0000000085d00000, 0x0000000085e00000, 0x0000000085e00000|100%| O|  |TAMS 0x0000000085d00000| PB 0x0000000085d00000| Untracked 
|  94|0x0000000085e00000, 0x0000000085f00000, 0x0000000085f00000|100%|HS|  |TAMS 0x0000000085e00000| PB 0x0000000085e00000| Complete 
|  95|0x0000000085f00000, 0x0000000086000000, 0x0000000086000000|100%|HC|  |TAMS 0x0000000085f00000| PB 0x0000000085f00000| Complete 
|  96|0x0000000086000000, 0x0000000086100000, 0x0000000086100000|100%|HC|  |TAMS 0x0000000086000000| PB 0x0000000086000000| Complete 
|  97|0x0000000086100000, 0x0000000086200000, 0x0000000086200000|100%| O|  |TAMS 0x0000000086100000| PB 0x0000000086100000| Untracked 
|  98|0x0000000086200000, 0x0000000086300000, 0x0000000086300000|100%| O|  |TAMS 0x0000000086200000| PB 0x0000000086200000| Untracked 
|  99|0x0000000086300000, 0x0000000086400000, 0x0000000086400000|100%| O|Cm|TAMS 0x0000000086300000| PB 0x0000000086300000| Complete 
| 100|0x0000000086400000, 0x0000000086500000, 0x0000000086500000|100%|HS|  |TAMS 0x0000000086400000| PB 0x0000000086400000| Complete 
| 101|0x0000000086500000, 0x0000000086600000, 0x0000000086600000|100%|HC|  |TAMS 0x0000000086500000| PB 0x0000000086500000| Complete 
| 102|0x0000000086600000, 0x0000000086700000, 0x0000000086700000|100%|HC|  |TAMS 0x0000000086600000| PB 0x0000000086600000| Complete 
| 103|0x0000000086700000, 0x0000000086700000, 0x0000000086800000|  0%| F|  |TAMS 0x0000000086700000| PB 0x0000000086700000| Untracked 
| 104|0x0000000086800000, 0x0000000086800000, 0x0000000086900000|  0%| F|  |TAMS 0x0000000086800000| PB 0x0000000086800000| Untracked 
| 105|0x0000000086900000, 0x0000000086900000, 0x0000000086a00000|  0%| F|  |TAMS 0x0000000086900000| PB 0x0000000086900000| Untracked 
| 106|0x0000000086a00000, 0x0000000086a00000, 0x0000000086b00000|  0%| F|  |TAMS 0x0000000086a00000| PB 0x0000000086a00000| Untracked 
| 107|0x0000000086b00000, 0x0000000086b00000, 0x0000000086c00000|  0%| F|  |TAMS 0x0000000086b00000| PB 0x0000000086b00000| Untracked 
| 108|0x0000000086c00000, 0x0000000086c00000, 0x0000000086d00000|  0%| F|  |TAMS 0x0000000086c00000| PB 0x0000000086c00000| Untracked 
| 109|0x0000000086d00000, 0x0000000086d00000, 0x0000000086e00000|  0%| F|  |TAMS 0x0000000086d00000| PB 0x0000000086d00000| Untracked 
| 110|0x0000000086e00000, 0x0000000086e00000, 0x0000000086f00000|  0%| F|  |TAMS 0x0000000086e00000| PB 0x0000000086e00000| Untracked 
| 111|0x0000000086f00000, 0x0000000087000000, 0x0000000087000000|100%| S|CS|TAMS 0x0000000086f00000| PB 0x0000000086f00000| Complete 
| 112|0x0000000087000000, 0x0000000087100000, 0x0000000087100000|100%| S|CS|TAMS 0x0000000087000000| PB 0x0000000087000000| Complete 
| 113|0x0000000087100000, 0x0000000087200000, 0x0000000087200000|100%| S|CS|TAMS 0x0000000087100000| PB 0x0000000087100000| Complete 
| 114|0x0000000087200000, 0x0000000087300000, 0x0000000087300000|100%| S|CS|TAMS 0x0000000087200000| PB 0x0000000087200000| Complete 
| 115|0x0000000087300000, 0x0000000087400000, 0x0000000087400000|100%| S|CS|TAMS 0x0000000087300000| PB 0x0000000087300000| Complete 
| 116|0x0000000087400000, 0x0000000087500000, 0x0000000087500000|100%| S|CS|TAMS 0x0000000087400000| PB 0x0000000087400000| Complete 
| 117|0x0000000087500000, 0x0000000087600000, 0x0000000087600000|100%| S|CS|TAMS 0x0000000087500000| PB 0x0000000087500000| Complete 
| 118|0x0000000087600000, 0x0000000087600000, 0x0000000087700000|  0%| F|  |TAMS 0x0000000087600000| PB 0x0000000087600000| Untracked 
| 119|0x0000000087700000, 0x0000000087700000, 0x0000000087800000|  0%| F|  |TAMS 0x0000000087700000| PB 0x0000000087700000| Untracked 
| 120|0x0000000087800000, 0x0000000087800000, 0x0000000087900000|  0%| F|  |TAMS 0x0000000087800000| PB 0x0000000087800000| Untracked 
| 121|0x0000000087900000, 0x0000000087900000, 0x0000000087a00000|  0%| F|  |TAMS 0x0000000087900000| PB 0x0000000087900000| Untracked 
| 122|0x0000000087a00000, 0x0000000087a00000, 0x0000000087b00000|  0%| F|  |TAMS 0x0000000087a00000| PB 0x0000000087a00000| Untracked 
| 123|0x0000000087b00000, 0x0000000087b00000, 0x0000000087c00000|  0%| F|  |TAMS 0x0000000087b00000| PB 0x0000000087b00000| Untracked 
| 124|0x0000000087c00000, 0x0000000087c00000, 0x0000000087d00000|  0%| F|  |TAMS 0x0000000087c00000| PB 0x0000000087c00000| Untracked 
| 125|0x0000000087d00000, 0x0000000087d00000, 0x0000000087e00000|  0%| F|  |TAMS 0x0000000087d00000| PB 0x0000000087d00000| Untracked 
| 126|0x0000000087e00000, 0x0000000087e00000, 0x0000000087f00000|  0%| F|  |TAMS 0x0000000087e00000| PB 0x0000000087e00000| Untracked 
| 127|0x0000000087f00000, 0x0000000087f00000, 0x0000000088000000|  0%| F|  |TAMS 0x0000000087f00000| PB 0x0000000087f00000| Untracked 
| 128|0x0000000088000000, 0x0000000088000000, 0x0000000088100000|  0%| F|  |TAMS 0x0000000088000000| PB 0x0000000088000000| Untracked 
| 129|0x0000000088100000, 0x0000000088100000, 0x0000000088200000|  0%| F|  |TAMS 0x0000000088100000| PB 0x0000000088100000| Untracked 
| 130|0x0000000088200000, 0x0000000088200000, 0x0000000088300000|  0%| F|  |TAMS 0x0000000088200000| PB 0x0000000088200000| Untracked 
| 131|0x0000000088300000, 0x0000000088300000, 0x0000000088400000|  0%| F|  |TAMS 0x0000000088300000| PB 0x0000000088300000| Untracked 
| 132|0x0000000088400000, 0x0000000088400000, 0x0000000088500000|  0%| F|  |TAMS 0x0000000088400000| PB 0x0000000088400000| Untracked 
| 133|0x0000000088500000, 0x0000000088500000, 0x0000000088600000|  0%| F|  |TAMS 0x0000000088500000| PB 0x0000000088500000| Untracked 
| 134|0x0000000088600000, 0x0000000088600000, 0x0000000088700000|  0%| F|  |TAMS 0x0000000088600000| PB 0x0000000088600000| Untracked 
| 135|0x0000000088700000, 0x0000000088700000, 0x0000000088800000|  0%| F|  |TAMS 0x0000000088700000| PB 0x0000000088700000| Untracked 
| 136|0x0000000088800000, 0x0000000088800000, 0x0000000088900000|  0%| F|  |TAMS 0x0000000088800000| PB 0x0000000088800000| Untracked 
| 137|0x0000000088900000, 0x0000000088900000, 0x0000000088a00000|  0%| F|  |TAMS 0x0000000088900000| PB 0x0000000088900000| Untracked 
| 138|0x0000000088a00000, 0x0000000088a83528, 0x0000000088b00000| 51%| E|  |TAMS 0x0000000088a00000| PB 0x0000000088a00000| Complete 
| 139|0x0000000088b00000, 0x0000000088c00000, 0x0000000088c00000|100%| E|CS|TAMS 0x0000000088b00000| PB 0x0000000088b00000| Complete 
| 140|0x0000000088c00000, 0x0000000088d00000, 0x0000000088d00000|100%| E|CS|TAMS 0x0000000088c00000| PB 0x0000000088c00000| Complete 
| 141|0x0000000088d00000, 0x0000000088e00000, 0x0000000088e00000|100%| E|CS|TAMS 0x0000000088d00000| PB 0x0000000088d00000| Complete 
| 142|0x0000000088e00000, 0x0000000088f00000, 0x0000000088f00000|100%| E|CS|TAMS 0x0000000088e00000| PB 0x0000000088e00000| Complete 
| 143|0x0000000088f00000, 0x0000000089000000, 0x0000000089000000|100%| E|CS|TAMS 0x0000000088f00000| PB 0x0000000088f00000| Complete 
| 144|0x0000000089000000, 0x0000000089100000, 0x0000000089100000|100%| E|CS|TAMS 0x0000000089000000| PB 0x0000000089000000| Complete 
| 145|0x0000000089100000, 0x0000000089200000, 0x0000000089200000|100%| E|CS|TAMS 0x0000000089100000| PB 0x0000000089100000| Complete 
| 146|0x0000000089200000, 0x0000000089300000, 0x0000000089300000|100%| E|CS|TAMS 0x0000000089200000| PB 0x0000000089200000| Complete 
| 147|0x0000000089300000, 0x0000000089400000, 0x0000000089400000|100%| E|CS|TAMS 0x0000000089300000| PB 0x0000000089300000| Complete 
| 148|0x0000000089400000, 0x0000000089500000, 0x0000000089500000|100%| E|CS|TAMS 0x0000000089400000| PB 0x0000000089400000| Complete 
| 149|0x0000000089500000, 0x0000000089600000, 0x0000000089600000|100%| E|CS|TAMS 0x0000000089500000| PB 0x0000000089500000| Complete 
| 150|0x0000000089600000, 0x0000000089700000, 0x0000000089700000|100%| E|CS|TAMS 0x0000000089600000| PB 0x0000000089600000| Complete 
| 151|0x0000000089700000, 0x0000000089800000, 0x0000000089800000|100%| E|CS|TAMS 0x0000000089700000| PB 0x0000000089700000| Complete 
| 152|0x0000000089800000, 0x0000000089900000, 0x0000000089900000|100%| E|CS|TAMS 0x0000000089800000| PB 0x0000000089800000| Complete 
| 153|0x0000000089900000, 0x0000000089a00000, 0x0000000089a00000|100%| E|CS|TAMS 0x0000000089900000| PB 0x0000000089900000| Complete 
| 154|0x0000000089a00000, 0x0000000089b00000, 0x0000000089b00000|100%| E|CS|TAMS 0x0000000089a00000| PB 0x0000000089a00000| Complete 
| 155|0x0000000089b00000, 0x0000000089c00000, 0x0000000089c00000|100%| E|CS|TAMS 0x0000000089b00000| PB 0x0000000089b00000| Complete 
| 156|0x0000000089c00000, 0x0000000089d00000, 0x0000000089d00000|100%| E|CS|TAMS 0x0000000089c00000| PB 0x0000000089c00000| Complete 
| 157|0x0000000089d00000, 0x0000000089e00000, 0x0000000089e00000|100%| E|CS|TAMS 0x0000000089d00000| PB 0x0000000089d00000| Complete 
| 158|0x0000000089e00000, 0x0000000089f00000, 0x0000000089f00000|100%| E|CS|TAMS 0x0000000089e00000| PB 0x0000000089e00000| Complete 
| 159|0x0000000089f00000, 0x000000008a000000, 0x000000008a000000|100%| E|CS|TAMS 0x0000000089f00000| PB 0x0000000089f00000| Complete 
| 160|0x000000008a000000, 0x000000008a100000, 0x000000008a100000|100%| E|CS|TAMS 0x000000008a000000| PB 0x000000008a000000| Complete 
| 161|0x000000008a100000, 0x000000008a200000, 0x000000008a200000|100%| E|CS|TAMS 0x000000008a100000| PB 0x000000008a100000| Complete 
| 162|0x000000008a200000, 0x000000008a300000, 0x000000008a300000|100%| E|CS|TAMS 0x000000008a200000| PB 0x000000008a200000| Complete 
| 163|0x000000008a300000, 0x000000008a400000, 0x000000008a400000|100%| E|CS|TAMS 0x000000008a300000| PB 0x000000008a300000| Complete 
| 191|0x000000008bf00000, 0x000000008c000000, 0x000000008c000000|100%| E|CS|TAMS 0x000000008bf00000| PB 0x000000008bf00000| Complete 
|2036|0x00000000ff400000, 0x00000000ff500000, 0x00000000ff500000|100%| O|  |TAMS 0x00000000ff400000| PB 0x00000000ff400000| Untracked 
|2037|0x00000000ff500000, 0x00000000ff600000, 0x00000000ff600000|100%| O|Cm|TAMS 0x00000000ff500000| PB 0x00000000ff500000| Complete 
|2038|0x00000000ff600000, 0x00000000ff700000, 0x00000000ff700000|100%| E|CS|TAMS 0x00000000ff600000| PB 0x00000000ff600000| Complete 
|2039|0x00000000ff700000, 0x00000000ff800000, 0x00000000ff800000|100%| E|CS|TAMS 0x00000000ff700000| PB 0x00000000ff700000| Complete 
|2040|0x00000000ff800000, 0x00000000ff900000, 0x00000000ff900000|100%| E|CS|TAMS 0x00000000ff800000| PB 0x00000000ff800000| Complete 
|2041|0x00000000ff900000, 0x00000000ffa00000, 0x00000000ffa00000|100%| E|CS|TAMS 0x00000000ff900000| PB 0x00000000ff900000| Complete 
|2042|0x00000000ffa00000, 0x00000000ffb00000, 0x00000000ffb00000|100%| E|CS|TAMS 0x00000000ffa00000| PB 0x00000000ffa00000| Complete 
|2043|0x00000000ffb00000, 0x00000000ffc00000, 0x00000000ffc00000|100%| E|CS|TAMS 0x00000000ffb00000| PB 0x00000000ffb00000| Complete 
|2044|0x00000000ffc00000, 0x00000000ffd00000, 0x00000000ffd00000|100%| E|CS|TAMS 0x00000000ffc00000| PB 0x00000000ffc00000| Complete 
|2045|0x00000000ffd00000, 0x00000000ffe00000, 0x00000000ffe00000|100%| O|  |TAMS 0x00000000ffd00000| PB 0x00000000ffd00000| Untracked 
|2046|0x00000000ffe00000, 0x00000000fff00000, 0x00000000fff00000|100%| O|  |TAMS 0x00000000ffe00000| PB 0x00000000ffe00000| Untracked 
|2047|0x00000000fff00000, 0x0000000100000000, 0x0000000100000000|100%| O|  |TAMS 0x00000000fff00000| PB 0x00000000fff00000| Untracked 

Card table byte_map: [0x000002514a8a0000,0x000002514aca0000] _byte_map_base: 0x000002514a4a0000

Marking Bits: (CMBitMap*) 0x00000251382ea980
 Bits: [0x000002514aca0000, 0x000002514cca0000)

Polling page: 0x0000025136290000

Metaspace:

Usage:
  Non-class:    107.30 MB used.
      Class:     16.17 MB used.
       Both:    123.47 MB used.

Virtual space:
  Non-class space:      128.00 MB reserved,     108.56 MB ( 85%) committed,  2 nodes.
      Class space:      416.00 MB reserved,      17.38 MB (  4%) committed,  1 nodes.
             Both:      544.00 MB reserved,     125.94 MB ( 23%) committed. 

Chunk freelists:
   Non-Class:  3.10 MB
       Class:  14.67 MB
        Both:  17.77 MB

MaxMetaspaceSize: 512.00 MB
CompressedClassSpaceSize: 416.00 MB
Initial GC threshold: 21.00 MB
Current GC threshold: 199.19 MB
CDS: on
 - commit_granule_bytes: 65536.
 - commit_granule_words: 8192.
 - virtual_space_node_default_size: 8388608.
 - enlarge_chunks_in_place: 1.
 - use_allocation_guard: 0.


Internal statistics:

num_allocs_failed_limit: 15.
num_arena_births: 4444.
num_arena_deaths: 0.
num_vsnodes_births: 3.
num_vsnodes_deaths: 0.
num_space_committed: 2013.
num_space_uncommitted: 0.
num_chunks_returned_to_freelist: 15.
num_chunks_taken_from_freelist: 9825.
num_chunk_merges: 15.
num_chunk_splits: 6887.
num_chunks_enlarged: 4764.
num_inconsistent_stats: 0.

CodeHeap 'non-profiled nmethods': size=120000Kb used=7395Kb max_used=7395Kb free=112604Kb
 bounds [0x0000025142f70000, 0x00000251436b0000, 0x000002514a4a0000]
CodeHeap 'profiled nmethods': size=120000Kb used=27737Kb max_used=27737Kb free=92262Kb
 bounds [0x000002513b4a0000, 0x000002513cfc0000, 0x00000251429d0000]
CodeHeap 'non-nmethods': size=5760Kb used=2909Kb max_used=3009Kb free=2850Kb
 bounds [0x00000251429d0000, 0x0000025142cd0000, 0x0000025142f70000]
CodeCache: size=245760Kb, used=38041Kb, max_used=38141Kb, free=207716Kb
 total_blobs=13665, nmethods=12520, adapters=1047, full_count=0
Compilation: enabled, stopped_count=0, restarted_count=0

Compilation events (20 events):
Event: 67.440 Thread 0x000002514f2206c0 14631       3       com.google.common.reflect.TypeResolver$TypeTable$1::<init> (20 bytes)
Event: 67.440 Thread 0x000002514f2206c0 nmethod 14631 0x000002513cfb0710 code [0x000002513cfb08e0, 0x000002513cfb0c80]
Event: 67.441 Thread 0x000002514f2206c0 14632       3       com.google.common.reflect.TypeResolver$TypeTable::resolveInternal (105 bytes)
Event: 67.442 Thread 0x000002514f2206c0 nmethod 14632 0x000002513cfb0d90 code [0x000002513cfb1080, 0x000002513cfb2000]
Event: 67.443 Thread 0x000002514f2206c0 14633       3       com.google.common.collect.AbstractSetMultimap::put (7 bytes)
Event: 67.443 Thread 0x000002514f2206c0 nmethod 14633 0x000002513cfb2490 code [0x000002513cfb2640, 0x000002513cfb2780]
Event: 67.443 Thread 0x000002514f2206c0 14634       3       com.google.common.collect.LinkedHashMultimap::put (7 bytes)
Event: 67.443 Thread 0x000002514f2206c0 nmethod 14634 0x000002513cfb2810 code [0x000002513cfb29c0, 0x000002513cfb2b68]
Event: 67.443 Thread 0x000002514f2206c0 14635       3       com.google.common.collect.LinkedHashMultimap$ValueSet::add (144 bytes)
Event: 67.446 Thread 0x000002514f2206c0 nmethod 14635 0x000002513cfb2c90 code [0x000002513cfb2fc0, 0x000002513cfb4548]
Event: 67.446 Thread 0x000002514f2206c0 14636       3       java.lang.reflect.Method::hashCode (19 bytes)
Event: 67.447 Thread 0x000002514f2206c0 nmethod 14636 0x000002513cfb4c90 code [0x000002513cfb4e60, 0x000002513cfb5100]
Event: 67.447 Thread 0x000002514f2206c0 14637       3       com.google.common.collect.Hashing::needsResizing (22 bytes)
Event: 67.447 Thread 0x000002514f2206c0 nmethod 14637 0x000002513cfb5290 code [0x000002513cfb5420, 0x000002513cfb55c0]
Event: 67.449 Thread 0x000002514f2206c0 14638       3       com.google.common.collect.LinkedHashMultimap::get (6 bytes)
Event: 67.449 Thread 0x000002514f2206c0 nmethod 14638 0x000002513cfb5690 code [0x000002513cfb5880, 0x000002513cfb5e80]
Event: 67.449 Thread 0x000002514f2206c0 14639       3       com.google.common.collect.AbstractSetMultimap::wrapCollection (14 bytes)
Event: 67.450 Thread 0x000002514f2206c0 nmethod 14639 0x000002513cfb6010 code [0x000002513cfb61c0, 0x000002513cfb6488]
Event: 67.451 Thread 0x000002514f1ace90 nmethod 14629 0x00000251436a8590 code [0x00000251436a8760, 0x00000251436a8c78]
Event: 67.451 Thread 0x000002514f1ace90 14630   !   4       com.google.common.reflect.TypeVisitor::visit (225 bytes)

GC Heap History (20 events):
Event: 48.588 GC heap before
{Heap before GC invocations=42 (full 0):
 garbage-first heap   total 162816K, used 150055K [0x0000000080000000, 0x0000000100000000)
  region size 1024K, 56 young (57344K), 7 survivors (7168K)
 Metaspace       used 117515K, committed 119808K, reserved 557056K
  class space    used 15519K, committed 16640K, reserved 425984K
}
Event: 48.609 GC heap after
{Heap after GC invocations=43 (full 0):
 garbage-first heap   total 164864K, used 91389K [0x0000000080000000, 0x0000000100000000)
  region size 1024K, 4 young (4096K), 4 survivors (4096K)
 Metaspace       used 117515K, committed 119808K, reserved 557056K
  class space    used 15519K, committed 16640K, reserved 425984K
}
Event: 48.796 GC heap before
{Heap before GC invocations=43 (full 0):
 garbage-first heap   total 164864K, used 109821K [0x0000000080000000, 0x0000000100000000)
  region size 1024K, 23 young (23552K), 4 survivors (4096K)
 Metaspace       used 117565K, committed 119872K, reserved 557056K
  class space    used 15519K, committed 16640K, reserved 425984K
}
Event: 48.810 GC heap after
{Heap after GC invocations=44 (full 0):
 garbage-first heap   total 164864K, used 94860K [0x0000000080000000, 0x0000000100000000)
  region size 1024K, 8 young (8192K), 8 survivors (8192K)
 Metaspace       used 117565K, committed 119872K, reserved 557056K
  class space    used 15519K, committed 16640K, reserved 425984K
}
Event: 50.026 GC heap before
{Heap before GC invocations=45 (full 0):
 garbage-first heap   total 164864K, used 151180K [0x0000000080000000, 0x0000000100000000)
  region size 1024K, 62 young (63488K), 8 survivors (8192K)
 Metaspace       used 118092K, committed 120448K, reserved 557056K
  class space    used 15538K, committed 16704K, reserved 425984K
}
Event: 50.033 GC heap after
{Heap after GC invocations=46 (full 0):
 garbage-first heap   total 164864K, used 91852K [0x0000000080000000, 0x0000000100000000)
  region size 1024K, 1 young (1024K), 1 survivors (1024K)
 Metaspace       used 118092K, committed 120448K, reserved 557056K
  class space    used 15538K, committed 16704K, reserved 425984K
}
Event: 59.128 GC heap before
{Heap before GC invocations=46 (full 0):
 garbage-first heap   total 164864K, used 157388K [0x0000000080000000, 0x0000000100000000)
  region size 1024K, 60 young (61440K), 1 survivors (1024K)
 Metaspace       used 119274K, committed 121600K, reserved 557056K
  class space    used 15652K, committed 16768K, reserved 425984K
}
Event: 59.153 GC heap after
{Heap after GC invocations=47 (full 0):
 garbage-first heap   total 168960K, used 101175K [0x0000000080000000, 0x0000000100000000)
  region size 1024K, 8 young (8192K), 8 survivors (8192K)
 Metaspace       used 119274K, committed 121600K, reserved 557056K
  class space    used 15652K, committed 16768K, reserved 425984K
}
Event: 59.500 GC heap before
{Heap before GC invocations=47 (full 0):
 garbage-first heap   total 168960K, used 107319K [0x0000000080000000, 0x0000000100000000)
  region size 1024K, 15 young (15360K), 8 survivors (8192K)
 Metaspace       used 119290K, committed 121600K, reserved 557056K
  class space    used 15652K, committed 16768K, reserved 425984K
}
Event: 59.518 GC heap after
{Heap after GC invocations=48 (full 0):
 garbage-first heap   total 168960K, used 103730K [0x0000000080000000, 0x0000000100000000)
  region size 1024K, 2 young (2048K), 2 survivors (2048K)
 Metaspace       used 119290K, committed 121600K, reserved 557056K
  class space    used 15652K, committed 16768K, reserved 425984K
}
Event: 60.754 GC heap before
{Heap before GC invocations=49 (full 0):
 garbage-first heap   total 173056K, used 146738K [0x0000000080000000, 0x0000000100000000)
  region size 1024K, 44 young (45056K), 2 survivors (2048K)
 Metaspace       used 119365K, committed 121664K, reserved 557056K
  class space    used 15652K, committed 16768K, reserved 425984K
}
Event: 60.762 GC heap after
{Heap after GC invocations=50 (full 0):
 garbage-first heap   total 173056K, used 106033K [0x0000000080000000, 0x0000000100000000)
  region size 1024K, 6 young (6144K), 6 survivors (6144K)
 Metaspace       used 119365K, committed 121664K, reserved 557056K
  class space    used 15652K, committed 16768K, reserved 425984K
}
Event: 61.835 GC heap before
{Heap before GC invocations=50 (full 0):
 garbage-first heap   total 173056K, used 151089K [0x0000000080000000, 0x0000000100000000)
  region size 1024K, 50 young (51200K), 6 survivors (6144K)
 Metaspace       used 119947K, committed 122304K, reserved 557056K
  class space    used 15691K, committed 16832K, reserved 425984K
}
Event: 61.854 GC heap after
{Heap after GC invocations=51 (full 0):
 garbage-first heap   total 173056K, used 105121K [0x0000000080000000, 0x0000000100000000)
  region size 1024K, 7 young (7168K), 7 survivors (7168K)
 Metaspace       used 119947K, committed 122304K, reserved 557056K
  class space    used 15691K, committed 16832K, reserved 425984K
}
Event: 61.921 GC heap before
{Heap before GC invocations=51 (full 0):
 garbage-first heap   total 173056K, used 109217K [0x0000000080000000, 0x0000000100000000)
  region size 1024K, 12 young (12288K), 7 survivors (7168K)
 Metaspace       used 119962K, committed 122304K, reserved 557056K
  class space    used 15691K, committed 16832K, reserved 425984K
}
Event: 61.932 GC heap after
{Heap after GC invocations=52 (full 0):
 garbage-first heap   total 173056K, used 107084K [0x0000000080000000, 0x0000000100000000)
  region size 1024K, 2 young (2048K), 2 survivors (2048K)
 Metaspace       used 119962K, committed 122304K, reserved 557056K
  class space    used 15691K, committed 16832K, reserved 425984K
}
Event: 62.420 GC heap before
{Heap before GC invocations=52 (full 0):
 garbage-first heap   total 181248K, used 153164K [0x0000000080000000, 0x0000000100000000)
  region size 1024K, 46 young (47104K), 2 survivors (2048K)
 Metaspace       used 120059K, committed 122432K, reserved 557056K
  class space    used 15691K, committed 16832K, reserved 425984K
}
Event: 62.428 GC heap after
{Heap after GC invocations=53 (full 0):
 garbage-first heap   total 181248K, used 110358K [0x0000000080000000, 0x0000000100000000)
  region size 1024K, 5 young (5120K), 5 survivors (5120K)
 Metaspace       used 120059K, committed 122432K, reserved 557056K
  class space    used 15691K, committed 16832K, reserved 425984K
}
Event: 65.370 GC heap before
{Heap before GC invocations=54 (full 0):
 garbage-first heap   total 181248K, used 163606K [0x0000000080000000, 0x0000000100000000)
  region size 1024K, 54 young (55296K), 5 survivors (5120K)
 Metaspace       used 123971K, committed 126464K, reserved 557056K
  class space    used 16207K, committed 17408K, reserved 425984K
}
Event: 65.400 GC heap after
{Heap after GC invocations=55 (full 0):
 garbage-first heap   total 181248K, used 116878K [0x0000000080000000, 0x0000000100000000)
  region size 1024K, 7 young (7168K), 7 survivors (7168K)
 Metaspace       used 123971K, committed 126464K, reserved 557056K
  class space    used 16207K, committed 17408K, reserved 425984K
}

Dll operation events (14 events):
Event: 0.028 Loaded shared library C:\Users\Win 10\.vscode\extensions\redhat.java-1.54.0-win32-x64\jre\21.0.10-win32-x86_64\bin\java.dll
Event: 0.329 Loaded shared library C:\Users\Win 10\.vscode\extensions\redhat.java-1.54.0-win32-x64\jre\21.0.10-win32-x86_64\bin\zip.dll
Event: 0.499 Loaded shared library C:\Users\Win 10\.vscode\extensions\redhat.java-1.54.0-win32-x64\jre\21.0.10-win32-x86_64\bin\instrument.dll
Event: 0.544 Loaded shared library C:\Users\Win 10\.vscode\extensions\redhat.java-1.54.0-win32-x64\jre\21.0.10-win32-x86_64\bin\net.dll
Event: 0.552 Loaded shared library C:\Users\Win 10\.vscode\extensions\redhat.java-1.54.0-win32-x64\jre\21.0.10-win32-x86_64\bin\nio.dll
Event: 0.561 Loaded shared library C:\Users\Win 10\.vscode\extensions\redhat.java-1.54.0-win32-x64\jre\21.0.10-win32-x86_64\bin\zip.dll
Event: 1.655 Loaded shared library C:\Users\Win 10\.vscode\extensions\redhat.java-1.54.0-win32-x64\jre\21.0.10-win32-x86_64\bin\jimage.dll
Event: 2.105 Loaded shared library C:\Users\Win 10\.vscode\extensions\redhat.java-1.54.0-win32-x64\jre\21.0.10-win32-x86_64\bin\verify.dll
Event: 2.294 Loaded shared library C:\Users\Win 10\.gradle\native\1def1411415f61bf3af743bc5b6707747c0891f09f0c88961ee8f79bc544acac\windows-amd64\native-platform.dll
Event: 2.622 Loaded shared library C:\Users\Win 10\.gradle\native\0.2.7\x86_64-windows-gnu\gradle-fileevents.dll
Event: 5.390 Loaded shared library C:\Users\Win 10\.vscode\extensions\redhat.java-1.54.0-win32-x64\jre\21.0.10-win32-x86_64\bin\management.dll
Event: 5.396 Loaded shared library C:\Users\Win 10\.vscode\extensions\redhat.java-1.54.0-win32-x64\jre\21.0.10-win32-x86_64\bin\management_ext.dll
Event: 5.646 Loaded shared library C:\Users\Win 10\.vscode\extensions\redhat.java-1.54.0-win32-x64\jre\21.0.10-win32-x86_64\bin\extnet.dll
Event: 5.985 Loaded shared library C:\Users\Win 10\.vscode\extensions\redhat.java-1.54.0-win32-x64\jre\21.0.10-win32-x86_64\bin\sunmscapi.dll

Deoptimization events (20 events):
Event: 63.545 Thread 0x000002514f21d4e0 Uncommon trap: trap_request=0xffffffde fr.pc=0x0000025143356ca0 relative=0x0000000000000200
Event: 63.545 Thread 0x000002514f21d4e0 Uncommon trap: reason=class_check action=maybe_recompile pc=0x0000025143356ca0 method=java.lang.reflect.Array.newInstance(Ljava/lang/Class;I)Ljava/lang/Object; @ 2 c2
Event: 63.545 Thread 0x000002514f21d4e0 DEOPT PACKING pc=0x0000025143356ca0 sp=0x000000889c6f3cb0
Event: 63.545 Thread 0x000002514f21d4e0 DEOPT UNPACKING pc=0x0000025142a24422 sp=0x000000889c6f3c68 mode 2
Event: 63.545 Thread 0x000002514f21d4e0 Uncommon trap: trap_request=0xffffffde fr.pc=0x0000025143356ca0 relative=0x0000000000000200
Event: 63.545 Thread 0x000002514f21d4e0 Uncommon trap: reason=class_check action=maybe_recompile pc=0x0000025143356ca0 method=java.lang.reflect.Array.newInstance(Ljava/lang/Class;I)Ljava/lang/Object; @ 2 c2
Event: 63.545 Thread 0x000002514f21d4e0 DEOPT PACKING pc=0x0000025143356ca0 sp=0x000000889c6f3cb0
Event: 63.545 Thread 0x000002514f21d4e0 DEOPT UNPACKING pc=0x0000025142a24422 sp=0x000000889c6f3c68 mode 2
Event: 63.545 Thread 0x000002514f21d4e0 Uncommon trap: trap_request=0xffffffde fr.pc=0x0000025143356ca0 relative=0x0000000000000200
Event: 63.545 Thread 0x000002514f21d4e0 Uncommon trap: reason=class_check action=maybe_recompile pc=0x0000025143356ca0 method=java.lang.reflect.Array.newInstance(Ljava/lang/Class;I)Ljava/lang/Object; @ 2 c2
Event: 63.545 Thread 0x000002514f21d4e0 DEOPT PACKING pc=0x0000025143356ca0 sp=0x000000889c6f3cb0
Event: 63.545 Thread 0x000002514f21d4e0 DEOPT UNPACKING pc=0x0000025142a24422 sp=0x000000889c6f3c68 mode 2
Event: 64.031 Thread 0x000002514f21d4e0 Uncommon trap: trap_request=0xffffff45 fr.pc=0x00000251430d84b0 relative=0x00000000000000f0
Event: 64.031 Thread 0x000002514f21d4e0 Uncommon trap: reason=unstable_if action=reinterpret pc=0x00000251430d84b0 method=java.lang.invoke.LambdaForm$BasicType.basicType(C)Ljava/lang/invoke/LambdaForm$BasicType; @ 1 c2
Event: 64.031 Thread 0x000002514f21d4e0 DEOPT PACKING pc=0x00000251430d84b0 sp=0x000000889c6f4950
Event: 64.031 Thread 0x000002514f21d4e0 DEOPT UNPACKING pc=0x0000025142a24422 sp=0x000000889c6f4880 mode 2
Event: 66.106 Thread 0x000002514f21d4e0 Uncommon trap: trap_request=0xffffff45 fr.pc=0x000002514369c428 relative=0x0000000000000168
Event: 66.106 Thread 0x000002514f21d4e0 Uncommon trap: reason=unstable_if action=reinterpret pc=0x000002514369c428 method=kotlin.reflect.jvm.internal.impl.protobuf.CodedInputStream.readRawVarint32()I @ 69 c2
Event: 66.106 Thread 0x000002514f21d4e0 DEOPT PACKING pc=0x000002514369c428 sp=0x000000889c6f3700
Event: 66.106 Thread 0x000002514f21d4e0 DEOPT UNPACKING pc=0x0000025142a24422 sp=0x000000889c6f3688 mode 2

Classes loaded (20 events):
Event: 63.957 Loading class javax/management/OperationsException done
Event: 63.957 Loading class javax/management/ListenerNotFoundException done
Event: 63.957 Loading class jdk/jfr/Recording
Event: 63.957 Loading class jdk/jfr/Recording done
Event: 63.957 Loading class jdk/management/jfr/FlightRecorderMXBeanImpl$MXBeanListener
Event: 63.958 Loading class jdk/jfr/FlightRecorderListener
Event: 63.958 Loading class jdk/jfr/FlightRecorderListener done
Event: 63.958 Loading class jdk/management/jfr/FlightRecorderMXBeanImpl$MXBeanListener done
Event: 63.958 Loading class jdk/jfr/FlightRecorder
Event: 63.959 Loading class jdk/jfr/FlightRecorder done
Event: 64.029 Loading class com/sun/jmx/mbeanserver/StandardMBeanSupport
Event: 64.030 Loading class com/sun/jmx/mbeanserver/StandardMBeanSupport done
Event: 64.030 Loading class com/sun/jmx/mbeanserver/StandardMBeanIntrospector
Event: 64.030 Loading class com/sun/jmx/mbeanserver/StandardMBeanIntrospector done
Event: 64.174 Loading class java/io/SerialCallbackContext
Event: 64.174 Loading class java/io/SerialCallbackContext done
Event: 64.224 Loading class java/util/HashMap$UnsafeHolder
Event: 64.224 Loading class java/util/HashMap$UnsafeHolder done
Event: 64.540 Loading class java/util/ArrayList$SubList$2
Event: 64.547 Loading class java/util/ArrayList$SubList$2 done

Classes unloaded (0 events):
No events

Classes redefined (0 events):
No events

Internal exceptions (20 events):
Event: 61.388 Thread 0x000002514f21d4e0 Exception <a 'sun/nio/fs/WindowsException'{0x0000000088b00e10}> (0x0000000088b00e10) 
thrown [s\src\hotspot\share\prims\jni.cpp, line 520]
Event: 61.405 Thread 0x000002514f21d4e0 Exception <a 'sun/nio/fs/WindowsException'{0x0000000088b08dc8}> (0x0000000088b08dc8) 
thrown [s\src\hotspot\share\prims\jni.cpp, line 520]
Event: 61.433 Thread 0x000002514f21d4e0 Exception <a 'sun/nio/fs/WindowsException'{0x0000000088b131a8}> (0x0000000088b131a8) 
thrown [s\src\hotspot\share\prims\jni.cpp, line 520]
Event: 61.464 Thread 0x000002514f21d4e0 Exception <a 'sun/nio/fs/WindowsException'{0x0000000088b1aaa0}> (0x0000000088b1aaa0) 
thrown [s\src\hotspot\share\prims\jni.cpp, line 520]
Event: 61.636 Thread 0x000002514f21d4e0 Exception <a 'sun/nio/fs/WindowsException'{0x0000000088a91e18}> (0x0000000088a91e18) 
thrown [s\src\hotspot\share\prims\jni.cpp, line 520]
Event: 61.636 Thread 0x000002514f21d4e0 Exception <a 'sun/nio/fs/WindowsException'{0x0000000088a94278}> (0x0000000088a94278) 
thrown [s\src\hotspot\share\prims\jni.cpp, line 520]
Event: 62.609 Thread 0x000002514f21d4e0 Exception <a 'sun/nio/fs/WindowsException'{0x000000008a37a5c0}> (0x000000008a37a5c0) 
thrown [s\src\hotspot\share\prims\jni.cpp, line 520]
Event: 62.611 Thread 0x000002514f21d4e0 Exception <a 'sun/nio/fs/WindowsException'{0x000000008a37c798}> (0x000000008a37c798) 
thrown [s\src\hotspot\share\prims\jni.cpp, line 520]
Event: 62.638 Thread 0x000002514f21d4e0 Exception <a 'sun/nio/fs/WindowsException'{0x000000008a3896e0}> (0x000000008a3896e0) 
thrown [s\src\hotspot\share\prims\jni.cpp, line 520]
Event: 62.668 Thread 0x000002514f21d4e0 Exception <a 'sun/nio/fs/WindowsException'{0x000000008a3924c8}> (0x000000008a3924c8) 
thrown [s\src\hotspot\share\prims\jni.cpp, line 520]
Event: 62.699 Thread 0x000002514f21d4e0 Exception <a 'sun/nio/fs/WindowsException'{0x000000008a3a4ac0}> (0x000000008a3a4ac0) 
thrown [s\src\hotspot\share\prims\jni.cpp, line 520]
Event: 63.040 Thread 0x000002514f21d4e0 Exception <a 'java/lang/NoClassDefFoundError'{0x0000000089701b90}: com/android/Version> (0x0000000089701b90) 
thrown [s\src\hotspot\share\classfile\systemDictionary.cpp, line 301]
Event: 63.316 Thread 0x000002514f21d4e0 Exception <a 'java/lang/NoSuchMethodError'{0x00000000891c9928}: static Lorg/jetbrains/kotlin/gradle/plugin/internal/DefaultProjectIsolationStartParameterAccessor$Factory;.<clinit>()V> (0x00000000891c9928) 
thrown [s\src\hotspot\share\prims\jni.cpp, line 1111]
Event: 63.332 Thread 0x000002514f21d4e0 Exception <a 'java/lang/NoSuchMethodError'{0x000000008900ec80}: static Lorg/jetbrains/kotlin/gradle/plugin/internal/DefaultJavaExecTaskParametersCompatibility$Factory;.<clinit>()V> (0x000000008900ec80) 
thrown [s\src\hotspot\share\prims\jni.cpp, line 1111]
Event: 63.341 Thread 0x000002514f21d4e0 Exception <a 'java/lang/NoSuchMethodError'{0x0000000089045390}: static Lorg/jetbrains/kotlin/gradle/plugin/internal/DefaultMavenPublicationComponentAccessorFactory;.<clinit>()V> (0x0000000089045390) 
thrown [s\src\hotspot\share\prims\jni.cpp, line 1111]
Event: 63.349 Thread 0x000002514f21d4e0 Exception <a 'java/lang/NoSuchMethodError'{0x0000000089077f98}: static Lorg/jetbrains/kotlin/gradle/plugin/internal/DefaultCompatibilityConventionRegistrar$Factory;.<clinit>()V> (0x0000000089077f98) 
thrown [s\src\hotspot\share\prims\jni.cpp, line 1111]
Event: 63.362 Thread 0x000002514f21d4e0 Exception <a 'java/lang/NoSuchMethodError'{0x000000008909d340}: static Lorg/jetbrains/kotlin/gradle/plugin/internal/DefaultConfigurationCacheStartParameterAccessorVariantFactory;.<clinit>()V> (0x000000008909d340) 
thrown [s\src\hotspot\share\prims\jni.cpp, line 1111]
Event: 63.499 Thread 0x000002514f21d4e0 Exception <a 'java/lang/IncompatibleClassChangeError'{0x0000000088e3cd50}: Found class java.lang.Object, but interface was expected> (0x0000000088e3cd50) 
thrown [s\src\hotspot\share\interpreter\linkResolver.cpp, line 840]
Event: 64.172 Thread 0x000002514f21d4e0 Exception <a 'java/lang/NoSuchMethodError'{0x000000008835cf10}: static Ljava/lang/Object;.<clinit>()V> (0x000000008835cf10) 
thrown [s\src\hotspot\share\prims\jni.cpp, line 1111]
Event: 64.208 Thread 0x000002514f21d4e0 Exception <a 'java/lang/NoSuchMethodError'{0x000000008826c720}: static Lorg/jetbrains/kotlin/gradle/plugin/statistics/MetricContainer;.<clinit>()V> (0x000000008826c720) 
thrown [s\src\hotspot\share\prims\jni.cpp, line 1111]

ZGC Phase Switch (0 events):
No events

VM Operations (20 events):
Event: 61.835 Executing safepoint VM operation: G1CollectForAllocation (G1 Evacuation Pause)
Event: 61.854 Executing safepoint VM operation: G1CollectForAllocation (G1 Evacuation Pause) done
Event: 61.921 Executing safepoint VM operation: G1TryInitiateConcMark (G1 Humongous Allocation)
Event: 61.932 Executing safepoint VM operation: G1TryInitiateConcMark (G1 Humongous Allocation) done
Event: 62.252 Executing safepoint VM operation: G1PauseRemark
Event: 62.277 Executing safepoint VM operation: G1PauseRemark done
Event: 62.420 Executing safepoint VM operation: G1CollectForAllocation (G1 Evacuation Pause)
Event: 62.429 Executing safepoint VM operation: G1CollectForAllocation (G1 Evacuation Pause) done
Event: 62.430 Executing safepoint VM operation: G1PauseCleanup
Event: 62.431 Executing safepoint VM operation: G1PauseCleanup done
Event: 62.991 Executing non-safepoint VM operation: HandshakeAllThreads (Deoptimize)
Event: 62.991 Executing non-safepoint VM operation: HandshakeAllThreads (Deoptimize) done
Event: 64.001 Executing safepoint VM operation: Cleanup
Event: 64.002 Executing safepoint VM operation: Cleanup done
Event: 65.007 Executing safepoint VM operation: Cleanup
Event: 65.008 Executing safepoint VM operation: Cleanup done
Event: 65.370 Executing safepoint VM operation: G1CollectForAllocation (G1 Evacuation Pause)
Event: 65.400 Executing safepoint VM operation: G1CollectForAllocation (G1 Evacuation Pause) done
Event: 66.407 Executing safepoint VM operation: Cleanup
Event: 66.408 Executing safepoint VM operation: Cleanup done

Memory protections (0 events):
No events

Nmethod flushes (20 events):
Event: 62.275 Thread 0x000002514f18b790 flushing  nmethod 0x000002513bea7f10
Event: 62.275 Thread 0x000002514f18b790 flushing  nmethod 0x000002513bf1e910
Event: 62.275 Thread 0x000002514f18b790 flushing  nmethod 0x000002513bf80d10
Event: 62.275 Thread 0x000002514f18b790 flushing  nmethod 0x000002513c0f8a90
Event: 62.275 Thread 0x000002514f18b790 flushing  nmethod 0x000002513c0fcd90
Event: 62.275 Thread 0x000002514f18b790 flushing  nmethod 0x000002513c101910
Event: 62.275 Thread 0x000002514f18b790 flushing  nmethod 0x000002513c32c210
Event: 62.275 Thread 0x000002514f18b790 flushing  nmethod 0x000002513c3b6890
Event: 62.275 Thread 0x000002514f18b790 flushing  nmethod 0x000002513c3b8890
Event: 62.275 Thread 0x000002514f18b790 flushing  nmethod 0x000002513c3d1010
Event: 62.275 Thread 0x000002514f18b790 flushing  nmethod 0x000002513c3d1c90
Event: 62.275 Thread 0x000002514f18b790 flushing  nmethod 0x000002513c3d7a90
Event: 62.275 Thread 0x000002514f18b790 flushing  nmethod 0x000002513c407090
Event: 62.275 Thread 0x000002514f18b790 flushing  nmethod 0x000002513c486890
Event: 62.275 Thread 0x000002514f18b790 flushing  nmethod 0x000002513c83d090
Event: 62.275 Thread 0x000002514f18b790 flushing  nmethod 0x000002513c9f8c90
Event: 62.275 Thread 0x000002514f18b790 flushing  nmethod 0x000002513caec710
Event: 62.275 Thread 0x000002514f18b790 flushing  nmethod 0x000002513cb3ca90
Event: 62.275 Thread 0x000002514f18b790 flushing  nmethod 0x000002513cb3ce10
Event: 62.275 Thread 0x000002514f18b790 flushing  nmethod 0x000002513cb96910

Events (20 events):
Event: 39.442 Thread 0x000002514f21d4e0 Thread added: 0x000002517d03f360
Event: 41.053 Thread 0x000002514f1ace90 Thread added: 0x000002517c1e4af0
Event: 42.094 Thread 0x000002517c1e4af0 Thread exited: 0x000002517c1e4af0
Event: 42.163 Thread 0x000002514f21d4e0 Thread added: 0x000002517d03e640
Event: 42.733 Thread 0x000002514f2206c0 Thread added: 0x000002517c7e8aa0
Event: 46.974 Thread 0x000002517c7e8aa0 Thread exited: 0x000002517c7e8aa0
Event: 47.813 Thread 0x000002514f2206c0 Thread added: 0x00000251745d7020
Event: 48.439 Thread 0x00000251745d7020 Thread exited: 0x00000251745d7020
Event: 48.916 Thread 0x000002514f2206c0 Thread added: 0x0000025174457400
Event: 50.143 Thread 0x0000025174457400 Thread exited: 0x0000025174457400
Event: 51.090 Thread 0x000002514f21d4e0 Thread added: 0x000002517c12e5c0
Event: 51.091 Thread 0x000002514f21d4e0 Thread added: 0x000002517c1320d0
Event: 51.091 Thread 0x000002514f21d4e0 Thread added: 0x000002517c130690
Event: 51.129 Thread 0x000002514f21d4e0 Thread added: 0x000002517c133480
Event: 51.131 Thread 0x000002514f21d4e0 Thread added: 0x000002517c131a40
Event: 51.143 Thread 0x000002514f21d4e0 Thread added: 0x000002517c12f2e0
Event: 52.012 Thread 0x000002514f21d4e0 Thread added: 0x000002517c12f970
Event: 52.015 Thread 0x000002514f21d4e0 Thread added: 0x000002517c133b10
Event: 52.016 Thread 0x000002514f21d4e0 Thread added: 0x000002517c134ec0
Event: 64.681 Thread 0x000002514f21d4e0 Thread added: 0x0000025170036b70


Dynamic libraries:
0x00007ff67d150000 - 0x00007ff67d15e000 	C:\Users\Win 10\.vscode\extensions\redhat.java-1.54.0-win32-x64\jre\21.0.10-win32-x86_64\bin\java.exe
0x00007ffa9e830000 - 0x00007ffa9ea28000 	C:\WINDOWS\SYSTEM32\ntdll.dll
0x00007ffa9e550000 - 0x00007ffa9e612000 	C:\WINDOWS\System32\KERNEL32.DLL
0x00007ffa9c520000 - 0x00007ffa9c81e000 	C:\WINDOWS\System32\KERNELBASE.dll
0x00007ffa9c190000 - 0x00007ffa9c290000 	C:\WINDOWS\System32\ucrtbase.dll
0x00007ffa7f800000 - 0x00007ffa7f818000 	C:\Users\Win 10\.vscode\extensions\redhat.java-1.54.0-win32-x64\jre\21.0.10-win32-x86_64\bin\jli.dll
0x00007ffa9e620000 - 0x00007ffa9e7bd000 	C:\WINDOWS\System32\USER32.dll
0x00007ffa9c4a0000 - 0x00007ffa9c4c2000 	C:\WINDOWS\System32\win32u.dll
0x00007ffa9de90000 - 0x00007ffa9debb000 	C:\WINDOWS\System32\GDI32.dll
0x00007ffa9c070000 - 0x00007ffa9c187000 	C:\WINDOWS\System32\gdi32full.dll
0x00007ffa9bf30000 - 0x00007ffa9bfcd000 	C:\WINDOWS\System32\msvcp_win.dll
0x00007ffa82920000 - 0x00007ffa8293e000 	C:\Users\Win 10\.vscode\extensions\redhat.java-1.54.0-win32-x64\jre\21.0.10-win32-x86_64\bin\VCRUNTIME140.dll
0x00007ffa82b50000 - 0x00007ffa82dea000 	C:\WINDOWS\WinSxS\amd64_microsoft.windows.common-controls_6595b64144ccf1df_6.0.19041.4355_none_60b8b9eb71f62e16\COMCTL32.dll
0x00007ffa9e3d0000 - 0x00007ffa9e46e000 	C:\WINDOWS\System32\msvcrt.dll
0x00007ffa9ce30000 - 0x00007ffa9ce5f000 	C:\WINDOWS\System32\IMM32.DLL
0x00007ffa93380000 - 0x00007ffa9338c000 	C:\Users\Win 10\.vscode\extensions\redhat.java-1.54.0-win32-x64\jre\21.0.10-win32-x86_64\bin\vcruntime140_1.dll
0x00007ffa5ef20000 - 0x00007ffa5efad000 	C:\Users\Win 10\.vscode\extensions\redhat.java-1.54.0-win32-x64\jre\21.0.10-win32-x86_64\bin\msvcp140.dll
0x00007ffa41dd0000 - 0x00007ffa42b71000 	C:\Users\Win 10\.vscode\extensions\redhat.java-1.54.0-win32-x64\jre\21.0.10-win32-x86_64\bin\server\jvm.dll
0x00007ffa9ddd0000 - 0x00007ffa9de82000 	C:\WINDOWS\System32\ADVAPI32.dll
0x00007ffa9cd90000 - 0x00007ffa9ce30000 	C:\WINDOWS\System32\sechost.dll
0x00007ffa9dca0000 - 0x00007ffa9ddc3000 	C:\WINDOWS\System32\RPCRT4.dll
0x00007ffa9bfd0000 - 0x00007ffa9bff7000 	C:\WINDOWS\System32\bcrypt.dll
0x00007ffa9e360000 - 0x00007ffa9e3cb000 	C:\WINDOWS\System32\WS2_32.dll
0x00007ffa9b880000 - 0x00007ffa9b8cb000 	C:\WINDOWS\SYSTEM32\POWRPROF.dll
0x00007ffa83c80000 - 0x00007ffa83ca7000 	C:\WINDOWS\SYSTEM32\WINMM.dll
0x00007ffa91460000 - 0x00007ffa9146a000 	C:\WINDOWS\SYSTEM32\VERSION.dll
0x00007ffa9b840000 - 0x00007ffa9b852000 	C:\WINDOWS\SYSTEM32\UMPDC.dll
0x00007ffa9a6d0000 - 0x00007ffa9a6e2000 	C:\WINDOWS\SYSTEM32\kernel.appcore.dll
0x00007ffa92ff0000 - 0x00007ffa92ffa000 	C:\Users\Win 10\.vscode\extensions\redhat.java-1.54.0-win32-x64\jre\21.0.10-win32-x86_64\bin\jimage.dll
0x00007ffa9a1d0000 - 0x00007ffa9a3b4000 	C:\WINDOWS\SYSTEM32\DBGHELP.DLL
0x00007ffa87920000 - 0x00007ffa87954000 	C:\WINDOWS\SYSTEM32\dbgcore.DLL
0x00007ffa9bea0000 - 0x00007ffa9bf22000 	C:\WINDOWS\System32\bcryptPrimitives.dll
0x00007ffa92f60000 - 0x00007ffa92f6f000 	C:\Users\Win 10\.vscode\extensions\redhat.java-1.54.0-win32-x64\jre\21.0.10-win32-x86_64\bin\instrument.dll
0x00007ffa6fad0000 - 0x00007ffa6faf0000 	C:\Users\Win 10\.vscode\extensions\redhat.java-1.54.0-win32-x64\jre\21.0.10-win32-x86_64\bin\java.dll
0x00007ffa9d530000 - 0x00007ffa9dc9f000 	C:\WINDOWS\System32\SHELL32.dll
0x00007ffa990c0000 - 0x00007ffa99864000 	C:\WINDOWS\SYSTEM32\windows.storage.dll
0x00007ffa9e000000 - 0x00007ffa9e353000 	C:\WINDOWS\System32\combase.dll
0x00007ffa9b8d0000 - 0x00007ffa9b8fe000 	C:\WINDOWS\SYSTEM32\Wldp.dll
0x00007ffa9dec0000 - 0x00007ffa9df8d000 	C:\WINDOWS\System32\OLEAUT32.dll
0x00007ffa9c9a0000 - 0x00007ffa9ca4d000 	C:\WINDOWS\System32\SHCORE.dll
0x00007ffa9e4f0000 - 0x00007ffa9e545000 	C:\WINDOWS\System32\shlwapi.dll
0x00007ffa9bdd0000 - 0x00007ffa9bdf4000 	C:\WINDOWS\SYSTEM32\profapi.dll
0x00007ffa6e8f0000 - 0x00007ffa6e908000 	C:\Users\Win 10\.vscode\extensions\redhat.java-1.54.0-win32-x64\jre\21.0.10-win32-x86_64\bin\zip.dll
0x00007ffa925e0000 - 0x00007ffa925f0000 	C:\Users\Win 10\.vscode\extensions\redhat.java-1.54.0-win32-x64\jre\21.0.10-win32-x86_64\bin\net.dll
0x00007ffa8f630000 - 0x00007ffa8f73d000 	C:\WINDOWS\SYSTEM32\WINHTTP.dll
0x00007ffa9b5c0000 - 0x00007ffa9b62a000 	C:\WINDOWS\system32\mswsock.dll
0x00007ffa6e810000 - 0x00007ffa6e826000 	C:\Users\Win 10\.vscode\extensions\redhat.java-1.54.0-win32-x64\jre\21.0.10-win32-x86_64\bin\nio.dll
0x00007ffa92120000 - 0x00007ffa92130000 	C:\Users\Win 10\.vscode\extensions\redhat.java-1.54.0-win32-x64\jre\21.0.10-win32-x86_64\bin\verify.dll
0x00007ffa6db60000 - 0x00007ffa6db87000 	C:\Users\Win 10\.gradle\native\1def1411415f61bf3af743bc5b6707747c0891f09f0c88961ee8f79bc544acac\windows-amd64\native-platform.dll
0x00007ffa618e0000 - 0x00007ffa61958000 	C:\Users\Win 10\.gradle\native\0.2.7\x86_64-windows-gnu\gradle-fileevents.dll
0x00007ffa93f00000 - 0x00007ffa93f0a000 	C:\Users\Win 10\.vscode\extensions\redhat.java-1.54.0-win32-x64\jre\21.0.10-win32-x86_64\bin\management.dll
0x00007ffa92050000 - 0x00007ffa9205c000 	C:\Users\Win 10\.vscode\extensions\redhat.java-1.54.0-win32-x64\jre\21.0.10-win32-x86_64\bin\management_ext.dll
0x00007ffa9d050000 - 0x00007ffa9d058000 	C:\WINDOWS\System32\PSAPI.DLL
0x00007ffa9b210000 - 0x00007ffa9b24b000 	C:\WINDOWS\SYSTEM32\IPHLPAPI.DLL
0x00007ffa9df90000 - 0x00007ffa9df98000 	C:\WINDOWS\System32\NSI.dll
0x00007ffa91aa0000 - 0x00007ffa91aa9000 	C:\Users\Win 10\.vscode\extensions\redhat.java-1.54.0-win32-x64\jre\21.0.10-win32-x86_64\bin\extnet.dll
0x00007ffa9b7b0000 - 0x00007ffa9b7c8000 	C:\WINDOWS\SYSTEM32\CRYPTSP.dll
0x00007ffa9ae40000 - 0x00007ffa9ae74000 	C:\WINDOWS\system32\rsaenh.dll
0x00007ffa9bd90000 - 0x00007ffa9bdbe000 	C:\WINDOWS\SYSTEM32\USERENV.dll
0x00007ffa9b7d0000 - 0x00007ffa9b7dc000 	C:\WINDOWS\SYSTEM32\CRYPTBASE.dll
0x00007ffa91f50000 - 0x00007ffa91f5e000 	C:\Users\Win 10\.vscode\extensions\redhat.java-1.54.0-win32-x64\jre\21.0.10-win32-x86_64\bin\sunmscapi.dll
0x00007ffa9c290000 - 0x00007ffa9c3ec000 	C:\WINDOWS\System32\CRYPT32.dll
0x00007ffa9b940000 - 0x00007ffa9b967000 	C:\WINDOWS\SYSTEM32\ncrypt.dll
0x00007ffa9b900000 - 0x00007ffa9b93b000 	C:\WINDOWS\SYSTEM32\NTASN1.dll
0x00007ffa80b80000 - 0x00007ffa80b87000 	C:\WINDOWS\system32\wshunix.dll

JVMTI agents:
C:\Users\Win 10\.gradle\wrapper\dists\gradle-8.14.3-bin\cv11ve7ro1n3o1j4so8xd9n66\gradle-8.14.3\lib\agents\gradle-instrumentation-agent-8.14.3.jar path:C:\Users\Win 10\.vscode\extensions\redhat.java-1.54.0-win32-x64\jre\21.0.10-win32-x86_64\bin\instrument.dll, loaded, initialized, instrumentlib options:none

dbghelp: loaded successfully - version: 4.0.5 - missing functions: none
symbol engine: initialized successfully - sym options: 0x614 - pdb path: .;C:\Users\Win 10\.vscode\extensions\redhat.java-1.54.0-win32-x64\jre\21.0.10-win32-x86_64\bin;C:\WINDOWS\SYSTEM32;C:\WINDOWS\WinSxS\amd64_microsoft.windows.common-controls_6595b64144ccf1df_6.0.19041.4355_none_60b8b9eb71f62e16;C:\Users\Win 10\.vscode\extensions\redhat.java-1.54.0-win32-x64\jre\21.0.10-win32-x86_64\bin\server;C:\Users\Win 10\.gradle\native\1def1411415f61bf3af743bc5b6707747c0891f09f0c88961ee8f79bc544acac\windows-amd64;C:\Users\Win 10\.gradle\native\0.2.7\x86_64-windows-gnu

VM Arguments:
jvm_args: --add-opens=java.base/java.lang=ALL-UNNAMED --add-opens=java.base/java.lang.invoke=ALL-UNNAMED --add-opens=java.base/java.util=ALL-UNNAMED --add-opens=java.prefs/java.util.prefs=ALL-UNNAMED --add-exports=jdk.compiler/com.sun.tools.javac.api=ALL-UNNAMED --add-exports=jdk.compiler/com.sun.tools.javac.util=ALL-UNNAMED --add-opens=java.base/java.util=ALL-UNNAMED --add-opens=java.prefs/java.util.prefs=ALL-UNNAMED --add-opens=java.base/java.nio.charset=ALL-UNNAMED --add-opens=java.base/java.net=ALL-UNNAMED --add-opens=java.base/java.util.concurrent.atomic=ALL-UNNAMED --add-opens=java.xml/javax.xml.namespace=ALL-UNNAMED -XX:MaxMetaspaceSize=512m -Xmx2048m -Dfile.encoding=UTF-8 -Duser.country=US -Duser.language=en -Duser.variant -javaagent:C:\Users\Win 10\.gradle\wrapper\dists\gradle-8.14.3-bin\cv11ve7ro1n3o1j4so8xd9n66\gradle-8.14.3\lib\agents\gradle-instrumentation-agent-8.14.3.jar 
java_command: org.gradle.launcher.daemon.bootstrap.GradleDaemon 8.14.3
java_class_path (initial): C:\Users\Win 10\.gradle\wrapper\dists\gradle-8.14.3-bin\cv11ve7ro1n3o1j4so8xd9n66\gradle-8.14.3\lib\gradle-daemon-main-8.14.3.jar
Launcher Type: SUN_STANDARD

[Global flags]
     intx CICompilerCount                          = 3                                         {product} {ergonomic}
   size_t CompressedClassSpaceSize                 = 436207616                                 {product} {ergonomic}
     uint ConcGCThreads                            = 1                                         {product} {ergonomic}
     uint G1ConcRefinementThreads                  = 4                                         {product} {ergonomic}
   size_t G1HeapRegionSize                         = 1048576                                   {product} {ergonomic}
    uintx GCDrainStackTargetSize                   = 64                                        {product} {ergonomic}
   size_t InitialHeapSize                          = 201326592                                 {product} {ergonomic}
   size_t MarkStackSize                            = 4194304                                   {product} {ergonomic}
   size_t MaxHeapSize                              = 2147483648                                {product} {command line}
   size_t MaxMetaspaceSize                         = 536870912                                 {product} {command line}
   size_t MaxNewSize                               = 1287651328                                {product} {ergonomic}
   size_t MinHeapDeltaBytes                        = 1048576                                   {product} {ergonomic}
   size_t MinHeapSize                              = 8388608                                   {product} {ergonomic}
    uintx NonNMethodCodeHeapSize                   = 5832780                                {pd product} {ergonomic}
    uintx NonProfiledCodeHeapSize                  = 122912730                              {pd product} {ergonomic}
    uintx ProfiledCodeHeapSize                     = 122912730                              {pd product} {ergonomic}
    uintx ReservedCodeCacheSize                    = 251658240                              {pd product} {ergonomic}
     bool SegmentedCodeCache                       = true                                      {product} {ergonomic}
   size_t SoftMaxHeapSize                          = 2147483648                             {manageable} {ergonomic}
     bool UseCompressedOops                        = true                           {product lp64_product} {ergonomic}
     bool UseG1GC                                  = true                                      {product} {ergonomic}
     bool UseLargePagesIndividualAllocation        = false                                  {pd product} {ergonomic}

Logging:
Log output configuration:
 #0: stdout all=warning uptime,level,tags foldmultilines=false
 #1: stderr all=off uptime,level,tags foldmultilines=false

Release file:
JAVA_VERSION="21.0.10" 
MODULES="java.base java.compiler java.datatransfer java.xml java.prefs java.desktop java.instrument java.logging java.management java.security.sasl java.naming java.rmi java.management.rmi java.net.http java.scripting java.security.jgss java.transaction.xa java.sql java.sql.rowset java.xml.crypto java.se java.smartcardio jdk.accessibility jdk.internal.jvmstat jdk.attach jdk.charsets jdk.internal.opt jdk.zipfs jdk.compiler jdk.crypto.ec jdk.crypto.cryptoki jdk.crypto.mscapi jdk.dynalink jdk.internal.ed jdk.editpad jdk.hotspot.agent jdk.httpserver jdk.internal.le jdk.internal.vm.ci jdk.internal.vm.compiler jdk.internal.vm.compiler.management jdk.jartool jdk.javadoc jdk.jcmd jdk.management jdk.management.agent jdk.jconsole jdk.jdeps jdk.jdwp.agent jdk.jdi jdk.jfr jdk.jshell jdk.jsobject jdk.jstatd jdk.localedata jdk.management.jfr jdk.naming.dns jdk.naming.rmi jdk.net jdk.nio.mapmode jdk.random jdk.sctp jdk.security.auth jdk.security.jgss jdk.unsupported jdk.unsupported.desktop jdk.xml.dom" 

Environment Variables:
JAVA_HOME=C:\Program Files\Java\jdk-23
PATH=C:\Program Files\Common Files\Oracle\Java\javapath;C:\Program Files (x86)\NVIDIA Corporation\PhysX\Common;C:\WINDOWS\system32;C:\WINDOWS;C:\WINDOWS\System32\Wbem;C:\WINDOWS\System32\WindowsPowerShell\v1.0\;C:\WINDOWS\System32\OpenSSH\;C:\mingw64\bin;C:\Users\Win 10\AppData\Roaming\Microsoft\Windows\Start Menu\Programs\Python 3.12;C:\Program Files\dotnet\;E:\GIT\Git\cmd;C:\Users\Win 10\AppData\Roaming\nvm;C:\Program Files\nodejs;C:\Program Files\MongoDB\mongosh-2.3.3-win32-x64\bin;E:\MYSQL\MYSQL SERVER\bin;C:\Program Files\Java\jdk-23\bin;C:\Program Files\Java\jre1.8.0_202\bin;C:\Users\Win 10\AppData\Roaming\npm\node_modules\yarn\bin;C:\ProgramData\chocolatey\bin;C:\ProgramData\chocolatey\lib\maven\apache-maven-3.9.9\bin;C:\Program Files\dotnet;E:\ANDROID DEBUG\platform-tools;C:\Program Files (x86)\GtkSharp\2.12\bin;E:\neovim\bin;E:\psTool;E:\cocos2d-x-4.0\templates;E:\cocos2d-x-4.0\tools\cocos2d-console\bin;E:\Python\Python313\Scripts\;E:\Python\Python313\;E:\Python\Python39\Scripts\;E:\Python\Python39\;C:\Users\Win 10\AppData\Local\Microsoft\WindowsApps;C:\mingw64\bin;E:\GitHubDesktop\bin;C:\Users\Win 10\AppData\Local\Microsoft\WinGet\Packages\Schniz.fnm_Microsoft.Winget.Source_8wekyb3d8bbwe;C:\Users\Win 10\AppData\Roaming\npm;C:\Users\Win 10\AppData\Roaming\nvm;C:\Program Files\nodejs;E:\MYSQL\MYSQL SERVER\bin;C:\Users\Win 10\AppData\Local\Yarn\bin;C:\Users\Win 10\.dotnet\tools;E:\Microsoft VS Code\bin;C:\Users\Win 10\AppData\Local\Programs\Microsoft VS Code\bin;C:\Users\Win 10\.dotnet\tools;E:\SQLite;E:\RIOT GAME\Riot Games\Riot Client;E:\PostgreSQL\17\bin;
USERNAME=Tran Anh Khoa
OS=Windows_NT
PROCESSOR_IDENTIFIER=Intel64 Family 6 Model 142 Stepping 9, GenuineIntel
TMP=C:\Users\WIN10~1\AppData\Local\Temp
TEMP=C:\Users\WIN10~1\AppData\Local\Temp




Periodic native trim disabled

---------------  S Y S T E M  ---------------

OS:
 Windows 10 , 64 bit Build 19041 (10.0.19041.4957)
OS uptime: 13 days 7:46 hours
Hyper-V role detected

CPU: total 4 (initial active 4) (2 cores per cpu, 2 threads per core) family 6 model 142 stepping 9 microcode 0xb4, cx8, cmov, fxsr, ht, mmx, 3dnowpref, sse, sse2, sse3, ssse3, sse4.1, sse4.2, popcnt, lzcnt, tsc, tscinvbit, avx, avx2, aes, erms, clmul, bmi1, bmi2, adx, fma, vzeroupper, clflush, clflushopt, hv, rdtscp, f16c
Processor Information for the first 4 processors :
  Max Mhz: 2304, Current Mhz: 2304, Mhz Limit: 2304

Memory: 4k page, system-wide physical 12163M (217M free)
TotalPageFile size 23603M (AvailPageFile size 71M)
current process WorkingSet (physical memory assigned to process): 482M, peak: 511M
current process commit charge ("private bytes"): 514M, peak: 542M

vm_info: OpenJDK 64-Bit Server VM (21.0.10+7-LTS) for windows-amd64 JRE (21.0.10+7-LTS), built on 2026-01-20T00:00:00Z by "admin" with MS VC++ 17.12 (VS2022)

END.
